Archive member included to satisfy reference by file (symbol)

.\CortexM3\ARM_GCC_541\Debug\distancemeter.a(Control_Reg_1.o)
                              .\CortexM3\ARM_GCC_541\Debug\main.o (Control_Reg_1_Write)
.\CortexM3\ARM_GCC_541\Debug\distancemeter.a(Control_Reg_2.o)
                              .\CortexM3\ARM_GCC_541\Debug\main.o (Control_Reg_2_Write)
.\CortexM3\ARM_GCC_541\Debug\distancemeter.a(CyLib.o)
                              .\CortexM3\ARM_GCC_541\Debug\Cm3Start.o (CyHalt)
.\CortexM3\ARM_GCC_541\Debug\distancemeter.a(cyPm.o)
                              .\CortexM3\ARM_GCC_541\Debug\distancemeter.a(CyLib.o) (CyPmReadStatus)
.\CortexM3\ARM_GCC_541\Debug\distancemeter.a(Clock_1.o)
                              .\CortexM3\ARM_GCC_541\Debug\main.o (Clock_1_Start)
.\CortexM3\ARM_GCC_541\Debug\distancemeter.a(Opamp_1.o)
                              .\CortexM3\ARM_GCC_541\Debug\main.o (Opamp_1_Start)
.\CortexM3\ARM_GCC_541\Debug\distancemeter.a(PGA_1.o)
                              .\CortexM3\ARM_GCC_541\Debug\main.o (PGA_1_Start)
.\CortexM3\ARM_GCC_541\Debug\distancemeter.a(Comp_1.o)
                              .\CortexM3\ARM_GCC_541\Debug\main.o (Comp_1_Start)
.\CortexM3\ARM_GCC_541\Debug\distancemeter.a(VDAC8_1.o)
                              .\CortexM3\ARM_GCC_541\Debug\main.o (VDAC8_1_Start)
.\CortexM3\ARM_GCC_541\Debug\distancemeter.a(Timer_1.o)
                              .\CortexM3\ARM_GCC_541\Debug\main.o (Timer_1_Start)
.\CortexM3\ARM_GCC_541\Debug\distancemeter.a(isr_1.o)
                              .\CortexM3\ARM_GCC_541\Debug\main.o (isr_1_Disable)
.\CortexM3\ARM_GCC_541\Debug\distancemeter.a(UART_1.o)
                              .\CortexM3\ARM_GCC_541\Debug\main.o (UART_1_Start)
.\CortexM3\ARM_GCC_541\Debug\distancemeter.a(UART_1_IntClock.o)
                              .\CortexM3\ARM_GCC_541\Debug\distancemeter.a(UART_1.o) (UART_1_IntClock_Start)
.\CortexM3\ARM_GCC_541\Debug\distancemeter.a(isr_2.o)
                              .\CortexM3\ARM_GCC_541\Debug\main.o (isr_2_StartEx)
.\CortexM3\ARM_GCC_541\Debug\distancemeter.a(isr_3.o)
                              .\CortexM3\ARM_GCC_541\Debug\main.o (isr_3_Disable)
.\CortexM3\ARM_GCC_541\Debug\distancemeter.a(isr_4.o)
                              .\CortexM3\ARM_GCC_541\Debug\main.o (isr_4_StartEx)
.\CortexM3\ARM_GCC_541\Debug\distancemeter.a(Clock_2.o)
                              .\CortexM3\ARM_GCC_541\Debug\main.o (Clock_2_Start)
.\CortexM3\ARM_GCC_541\Debug\distancemeter.a(beeperpin.o)
                              .\CortexM3\ARM_GCC_541\Debug\main.o (beeperpin_Write)
.\CortexM3\ARM_GCC_541\Debug\distancemeter.a(Pin_25.o)
                              .\CortexM3\ARM_GCC_541\Debug\main.o (Pin_25_Read)
.\CortexM3\ARM_GCC_541\Debug\distancemeter.a(Pin_24.o)
                              .\CortexM3\ARM_GCC_541\Debug\main.o (Pin_24_Read)
.\CortexM3\ARM_GCC_541\Debug\distancemeter.a(isr_5.o)
                              .\CortexM3\ARM_GCC_541\Debug\main.o (isr_5_StartEx)
.\CortexM3\ARM_GCC_541\Debug\distancemeter.a(EEPROM_1.o)
                              .\CortexM3\ARM_GCC_541\Debug\main.o (EEPROM_1_Start)
.\CortexM3\ARM_GCC_541\Debug\distancemeter.a(Clock_3.o)
                              .\CortexM3\ARM_GCC_541\Debug\main.o (Clock_3_Start)
.\CortexM3\ARM_GCC_541\Debug\distancemeter.a(counter_reset.o)
                              .\CortexM3\ARM_GCC_541\Debug\main.o (counter_reset_Write)
.\CortexM3\ARM_GCC_541\Debug\distancemeter.a(CyBootAsmGnu.o)
                              .\CortexM3\ARM_GCC_541\Debug\cyfitter_cfg.o (CyDelayCycles)
.\CortexM3\ARM_GCC_541\Debug\distancemeter.a(CyFlash.o)
                              .\CortexM3\ARM_GCC_541\Debug\distancemeter.a(EEPROM_1.o) (dieTemperature)
.\CortexM3\ARM_GCC_541\Debug\distancemeter.a(CySpc.o)
                              .\CortexM3\ARM_GCC_541\Debug\distancemeter.a(EEPROM_1.o) (CySpcStart)
f:/psoc/psoc creator/4.4/psoc creator/import/gnu/arm/5.4.1/bin/../lib/gcc/arm-none-eabi/5.4.1/armv7-m\libgcc.a(_arm_addsubdf3.o)
                              .\CortexM3\ARM_GCC_541\Debug\main.o (__aeabi_f2d)
f:/psoc/psoc creator/4.4/psoc creator/import/gnu/arm/5.4.1/bin/../lib/gcc/arm-none-eabi/5.4.1/armv7-m\libgcc.a(_arm_addsubsf3.o)
                              .\CortexM3\ARM_GCC_541\Debug\main.o (__aeabi_fsub)
f:/psoc/psoc creator/4.4/psoc creator/import/gnu/arm/5.4.1/bin/../lib/gcc/arm-none-eabi/5.4.1/armv7-m\libgcc.a(_arm_muldivsf3.o)
                              .\CortexM3\ARM_GCC_541\Debug\main.o (__aeabi_fmul)
f:/psoc/psoc creator/4.4/psoc creator/import/gnu/arm/5.4.1/bin/../lib/gcc/arm-none-eabi/5.4.1/armv7-m\libgcc.a(_arm_cmpsf2.o)
                              .\CortexM3\ARM_GCC_541\Debug\main.o (__aeabi_fcmplt)
f:/psoc/psoc creator/4.4/psoc creator/import/gnu/arm/5.4.1/bin/../lib/gcc/arm-none-eabi/5.4.1/armv7-m\libgcc.a(_arm_fixsfsi.o)
                              .\CortexM3\ARM_GCC_541\Debug\main.o (__aeabi_f2iz)
[...]
Memory Configuration

Name             Origin             Length             Attributes
rom              0x00000000         0x00040000         xr
ram              0x1fff8000         0x00010000         xrw
*default*        0x00000000         0xffffffff

Linker script and memory map

LOAD f:/psoc/psoc creator/4.4/psoc creator/import/gnu/arm/5.4.1/bin/../lib/gcc/arm-none-eabi/5.4.1/armv7-m/crti.o
LOAD f:/psoc/psoc creator/4.4/psoc creator/import/gnu/arm/5.4.1/bin/../lib/gcc/arm-none-eabi/5.4.1/armv7-m/crtbegin.o
LOAD f:/psoc/psoc creator/4.4/psoc creator/import/gnu/arm/5.4.1/bin/../lib/gcc/arm-none-eabi/5.4.1/../../../../arm-none-eabi/lib/armv7-m/crt0.o
START GROUP
LOAD .\CortexM3\ARM_GCC_541\Debug\main.o
LOAD .\CortexM3\ARM_GCC_541\Debug\cyfitter_cfg.o
LOAD .\CortexM3\ARM_GCC_541\Debug\cymetadata.o
LOAD .\CortexM3\ARM_GCC_541\Debug\Cm3Start.o
LOAD .\CortexM3\ARM_GCC_541\Debug\distancemeter.a
LOAD F:\PSOC\PSoC Creator\4.4\PSoC Creator\psoc\content\cycomponentlibrary\CyComponentLibrary.cylib\CortexM3\ARM_GCC_541\Debug\CyComponentLibrary.a
END GROUP
START GROUP
LOAD f:/psoc/psoc creator/4.4/psoc creator/import/gnu/arm/5.4.1/bin/../lib/gcc/arm-none-eabi/5.4.1/armv7-m\libgcc.a
LOAD f:/psoc/psoc creator/4.4/psoc creator/import/gnu/arm/5.4.1/bin/../lib/gcc/arm-none-eabi/5.4.1/../../../../arm-none-eabi/lib/armv7-m\libg_nano.a
LOAD f:/psoc/psoc creator/4.4/psoc creator/import/gnu/arm/5.4.1/bin/../lib/gcc/arm-none-eabi/5.4.1/../../../../arm-none-eabi/lib/armv7-m\libc_nano.a
END GROUP
START GROUP
LOAD f:/psoc/psoc creator/4.4/psoc creator/import/gnu/arm/5.4.1/bin/../lib/gcc/arm-none-eabi/5.4.1/armv7-m\libgcc.a
LOAD f:/psoc/psoc creator/4.4/psoc creator/import/gnu/arm/5.4.1/bin/../lib/gcc/arm-none-eabi/5.4.1/../../../../arm-none-eabi/lib/armv7-m\libc_nano.a
END GROUP
LOAD f:/psoc/psoc creator/4.4/psoc creator/import/gnu/arm/5.4.1/bin/../lib/gcc/arm-none-eabi/5.4.1/armv7-m/crtend.o
LOAD f:/psoc/psoc creator/4.4/psoc creator/import/gnu/arm/5.4.1/bin/../lib/gcc/arm-none-eabi/5.4.1/armv7-m/crtn.o
START GROUP
LOAD f:/psoc/psoc creator/4.4/psoc creator/import/gnu/arm/5.4.1/bin/../lib/gcc/arm-none-eabi/5.4.1/armv7-m\libgcc.a
LOAD f:/psoc/psoc creator/4.4/psoc creator/import/gnu/arm/5.4.1/bin/../lib/gcc/arm-none-eabi/5.4.1/../../../../arm-none-eabi/lib/armv7-m\libc.a
LOAD f:/psoc/psoc creator/4.4/psoc creator/import/gnu/arm/5.4.1/bin/../lib/gcc/arm-none-eabi/5.4.1/../../../../arm-none-eabi/lib/armv7-m\libnosys.a
END GROUP
                0x00000000                CY_APPL_ORIGIN = 0x0
                0x00000100                CY_FLASH_ROW_SIZE = 0x100
                0x00000020                CY_ECC_ROW_SIZE = 0x20
                0x00000000                CY_EE_IN_BTLDR = 0x0
                0x00000000                CY_APPL_LOADABLE = 0x0
                0x00000800                CY_EE_SIZE = 0x800
                0x00000001                CY_APPL_NUM = 0x1
                0x00000001                CY_APPL_MAX = 0x1
                0x00000040                CY_METADATA_SIZE = 0x40
                0x00000000                CY_APPL_LOADABLE = 0x0
                0x00000000                CY_CHECKSUM_EXCLUDE_SIZE = ALIGN (0x0, CY_FLASH_ROW_SIZE)
                [!provide]                PROVIDE (__cy_heap_start, _end)
                0x00000001                PROVIDE (__cy_region_num, ((__cy_regions_end - __cy_regions) / 0x10))
                0x20008000                PROVIDE (__cy_stack, (ORIGIN (ram) + LENGTH (ram)))
                [!provide]                PROVIDE (__cy_heap_end, (__cy_stack - 0x800))

.cybootloader   0x00000000        0x0
 *(.cybootloader)
                0x00000000                appl1_start = CY_APPL_ORIGIN?CY_APPL_ORIGIN:ALIGN (CY_FLASH_ROW_SIZE)
                0x0001ff00                appl2_start = (appl1_start + ALIGN ((((LENGTH (rom) - appl1_start) - (0x2 * CY_FLASH_ROW_SIZE)) / 0x2), CY_FLASH_ROW_SIZE))
                0x00000000                appl_start = (CY_APPL_NUM == 0x1)?appl1_start:appl2_start
                0x00000000                ecc_offset = ((appl_start / CY_FLASH_ROW_SIZE) * CY_ECC_ROW_SIZE)
                0x00000000                ee_offset = (CY_APPL_LOADABLE && ! (CY_EE_IN_BTLDR))?((CY_EE_SIZE / CY_APPL_MAX) * (CY_APPL_NUM - 0x1)):0x0
                0x00000800                ee_size = (CY_APPL_LOADABLE && ! (CY_EE_IN_BTLDR))?(CY_EE_SIZE / CY_APPL_MAX):CY_EE_SIZE
                [!provide]                PROVIDE (CY_ECC_OFFSET, ecc_offset)

.text           0x00000000     0x4488
 CREATE_OBJECT_SYMBOLS
                0x00000000                PROVIDE (__cy_interrupt_vector, RomVectors)
 *(.romvectors)
 .romvectors    0x00000000       0x10 .\CortexM3\ARM_GCC_541\Debug\Cm3Start.o
                0x00000000                RomVectors
                0x00000001                ASSERT ((. != __cy_interrupt_vector), No interrupt vector)
                0x00000001                ASSERT (CY_APPL_ORIGIN?(SIZEOF (.cybootloader) <= CY_APPL_ORIGIN):0x1, Wrong image location)
                0x00000010                PROVIDE (__cy_reset, Reset)
 *(.text.Reset)
 .text.Reset    0x00000010       0x18 .\CortexM3\ARM_GCC_541\Debug\Cm3Start.o
                0x00000010                Reset
                0x00000001                ASSERT ((. != __cy_reset), No reset code)
 *(.dma_init)
                0x00000001                ASSERT ((((appl_start + .) <= 0x10000) || 0x1), DMA Init must be within the first 64k of flash)
 *(.text .text.* .gnu.linkonce.t.*)
 .text          0x00000028       0x5c f:/psoc/psoc creator/4.4/psoc creator/import/gnu/arm/5.4.1/bin/../lib/gcc/arm-none-eabi/5.4.1/armv7-m/crtbegin.o
 .text.save_group_no
                0x00000084       0x38 .\CortexM3\ARM_GCC_541\Debug\main.o
                0x00000084                save_group_no
 .text.sleepmode
                0x000000bc       0x2c .\CortexM3\ARM_GCC_541\Debug\main.o
                0x000000bc                sleepmode
 .text.beep     0x000000e8       0x18 .\CortexM3\ARM_GCC_541\Debug\main.o
                0x000000e8                beep
 .text.inc_group_no
                0x00000100       0x14 .\CortexM3\ARM_GCC_541\Debug\main.o
                0x00000100                inc_group_no
 .text.dec_group_no
                0x00000114       0x14 .\CortexM3\ARM_GCC_541\Debug\main.o
                0x00000114                dec_group_no
 .text.int2bin  0x00000128       0x3c .\CortexM3\ARM_GCC_541\Debug\main.o
                0x00000128                int2bin
 .text.display  0x00000164      0x134 .\CortexM3\ARM_GCC_541\Debug\main.o
                0x00000164                display
 .text.startup  0x00000298       0x64 .\CortexM3\ARM_GCC_541\Debug\main.o
                0x00000298                startup
 .text.startupisr
                0x000002fc        0xc .\CortexM3\ARM_GCC_541\Debug\main.o
                0x000002fc                startupisr
 .text.measurehandlerisr
                0x00000308      0x118 .\CortexM3\ARM_GCC_541\Debug\main.o
                0x00000308                measurehandlerisr
 .text.main     0x00000420       0xd8 .\CortexM3\ARM_GCC_541\Debug\main.o
                0x00000420                main
 .text.CyClockStartupError
                0x000004f8        0x4 .\CortexM3\ARM_GCC_541\Debug\cyfitter_cfg.o
 .text.cfg_write_bytes32
                0x000004fc       0x34 .\CortexM3\ARM_GCC_541\Debug\cyfitter_cfg.o
 .text.AnalogSetDefault
                0x00000530       0x78 .\CortexM3\ARM_GCC_541\Debug\cyfitter_cfg.o
 .text.CYMEMZERO
                0x000005a8        0xc .\CortexM3\ARM_GCC_541\Debug\cyfitter_cfg.o
 .text.ClockSetup
                0x000005b4       0xe0 .\CortexM3\ARM_GCC_541\Debug\cyfitter_cfg.o
 .text.CYCONFIGCPY
                0x00000694        0x8 .\CortexM3\ARM_GCC_541\Debug\cyfitter_cfg.o
 .text.cyfitter_cfg
                0x0000069c      0x140 .\CortexM3\ARM_GCC_541\Debug\cyfitter_cfg.o
                0x0000069c                cyfitter_cfg
 .text.IntDefaultHandler
                0x000007dc       0x10 .\CortexM3\ARM_GCC_541\Debug\Cm3Start.o
                0x000007dc                IntDefaultHandler
 .text._sbrk    0x000007ec       0x30 .\CortexM3\ARM_GCC_541\Debug\Cm3Start.o
                0x000007ec                _sbrk
 .text.Start_c  0x0000081c       0x4c .\CortexM3\ARM_GCC_541\Debug\Cm3Start.o
                0x0000081c                Start_c
 .text.initialize_psoc
                0x00000868       0x68 .\CortexM3\ARM_GCC_541\Debug\Cm3Start.o
                0x00000868                initialize_psoc
 .text.Control_Reg_1_Write
                0x000008d0        0xc .\CortexM3\ARM_GCC_541\Debug\distancemeter.a(Control_Reg_1.o)
                0x000008d0                Control_Reg_1_Write
 .text.Control_Reg_2_Write
                0x000008dc        0xc .\CortexM3\ARM_GCC_541\Debug\distancemeter.a(Control_Reg_2.o)
                0x000008dc                Control_Reg_2_Write
 .text.CyDelay  0x000008e8       0x2c .\CortexM3\ARM_GCC_541\Debug\distancemeter.a(CyLib.o)
                0x000008e8                CyDelay
 .text.CyDelayUs
                0x00000914       0x14 .\CortexM3\ARM_GCC_541\Debug\distancemeter.a(CyLib.o)
                0x00000914                CyDelayUs
 .text.Clock_1_Start
                0x00000928       0x1c .\CortexM3\ARM_GCC_541\Debug\distancemeter.a(Clock_1.o)
                0x00000928                Clock_1_Start
 .text.Opamp_1_Enable
                0x00000944       0x28 .\CortexM3\ARM_GCC_541\Debug\distancemeter.a(Opamp_1.o)
                0x00000944                Opamp_1_Enable
 .text.Opamp_1_SetPower
                0x0000096c       0x1c .\CortexM3\ARM_GCC_541\Debug\distancemeter.a(Opamp_1.o)
                0x0000096c                Opamp_1_SetPower
 .text.Opamp_1_Init
                0x00000988        0xc .\CortexM3\ARM_GCC_541\Debug\distancemeter.a(Opamp_1.o)
                0x00000988                Opamp_1_Init
 .text.Opamp_1_Start
                0x00000994       0x1c .\CortexM3\ARM_GCC_541\Debug\distancemeter.a(Opamp_1.o)
                0x00000994                Opamp_1_Start
 .text.PGA_1_Enable
                0x000009b0       0x28 .\CortexM3\ARM_GCC_541\Debug\distancemeter.a(PGA_1.o)
                0x000009b0                PGA_1_Enable
 .text.PGA_1_SetPower
                0x000009d8       0x18 .\CortexM3\ARM_GCC_541\Debug\distancemeter.a(PGA_1.o)
                0x000009d8                PGA_1_SetPower
 .text.PGA_1_SetGain
                0x000009f0       0x78 .\CortexM3\ARM_GCC_541\Debug\distancemeter.a(PGA_1.o)
                0x000009f0                PGA_1_SetGain
 .text.PGA_1_Init
                0x00000a68       0x34 .\CortexM3\ARM_GCC_541\Debug\distancemeter.a(PGA_1.o)
                0x00000a68                PGA_1_Init
 .text.PGA_1_Start
                0x00000a9c       0x1c .\CortexM3\ARM_GCC_541\Debug\distancemeter.a(PGA_1.o)
                0x00000a9c                PGA_1_Start
 .text.Comp_1_Enable
                0x00000ab8       0x1c .\CortexM3\ARM_GCC_541\Debug\distancemeter.a(Comp_1.o)
                0x00000ab8                Comp_1_Enable
 .text.Comp_1_SetSpeed
                0x00000ad4       0x58 .\CortexM3\ARM_GCC_541\Debug\distancemeter.a(Comp_1.o)
                0x00000ad4                Comp_1_SetSpeed
 .text.Comp_1_Init
                0x00000b2c       0x3c .\CortexM3\ARM_GCC_541\Debug\distancemeter.a(Comp_1.o)
                0x00000b2c                Comp_1_Init
 .text.Comp_1_Start
                0x00000b68       0x1c .\CortexM3\ARM_GCC_541\Debug\distancemeter.a(Comp_1.o)
                0x00000b68                Comp_1_Start
 .text.VDAC8_1_Enable
                0x00000b84       0x1c .\CortexM3\ARM_GCC_541\Debug\distancemeter.a(VDAC8_1.o)
                0x00000b84                VDAC8_1_Enable
 .text.VDAC8_1_SetSpeed
                0x00000ba0       0x1c .\CortexM3\ARM_GCC_541\Debug\distancemeter.a(VDAC8_1.o)
                0x00000ba0                VDAC8_1_SetSpeed
 .text.VDAC8_1_SetValue
                0x00000bbc        0xc .\CortexM3\ARM_GCC_541\Debug\distancemeter.a(VDAC8_1.o)
                0x00000bbc                VDAC8_1_SetValue
 .text.VDAC8_1_DacTrim
                0x00000bc8       0x24 .\CortexM3\ARM_GCC_541\Debug\distancemeter.a(VDAC8_1.o)
                0x00000bc8                VDAC8_1_DacTrim
 .text.VDAC8_1_SetRange
                0x00000bec       0x20 .\CortexM3\ARM_GCC_541\Debug\distancemeter.a(VDAC8_1.o)
                0x00000bec                VDAC8_1_SetRange
 .text.VDAC8_1_Init
                0x00000c0c       0x20 .\CortexM3\ARM_GCC_541\Debug\distancemeter.a(VDAC8_1.o)
                0x00000c0c                VDAC8_1_Init
 .text.VDAC8_1_Start
                0x00000c2c       0x24 .\CortexM3\ARM_GCC_541\Debug\distancemeter.a(VDAC8_1.o)
                0x00000c2c                VDAC8_1_Start
 .text.Timer_1_Enable
                0x00000c50       0x28 .\CortexM3\ARM_GCC_541\Debug\distancemeter.a(Timer_1.o)
                0x00000c50                Timer_1_Enable
 .text.Timer_1_SetInterruptMode
                0x00000c78        0xc .\CortexM3\ARM_GCC_541\Debug\distancemeter.a(Timer_1.o)
                0x00000c78                Timer_1_SetInterruptMode
 .text.Timer_1_WritePeriod
                0x00000c84        0xc .\CortexM3\ARM_GCC_541\Debug\distancemeter.a(Timer_1.o)
                0x00000c84                Timer_1_WritePeriod
 .text.Timer_1_WriteCounter
                0x00000c90        0xc .\CortexM3\ARM_GCC_541\Debug\distancemeter.a(Timer_1.o)
                0x00000c90                Timer_1_WriteCounter
 .text.Timer_1_Init
                0x00000c9c       0x68 .\CortexM3\ARM_GCC_541\Debug\distancemeter.a(Timer_1.o)
                0x00000c9c                Timer_1_Init
 .text.Timer_1_Start
                0x00000d04       0x1c .\CortexM3\ARM_GCC_541\Debug\distancemeter.a(Timer_1.o)
                0x00000d04                Timer_1_Start
 .text.Timer_1_ReadCounter
                0x00000d20       0x14 .\CortexM3\ARM_GCC_541\Debug\distancemeter.a(Timer_1.o)
                0x00000d20                Timer_1_ReadCounter
 .text.isr_1_SetVector
                0x00000d34       0x10 .\CortexM3\ARM_GCC_541\Debug\distancemeter.a(isr_1.o)
                0x00000d34                isr_1_SetVector
 .text.isr_1_SetPriority
                0x00000d44       0x10 .\CortexM3\ARM_GCC_541\Debug\distancemeter.a(isr_1.o)
                0x00000d44                isr_1_SetPriority
 .text.isr_1_Enable
                0x00000d54       0x10 .\CortexM3\ARM_GCC_541\Debug\distancemeter.a(isr_1.o)
                0x00000d54                isr_1_Enable
 .text.isr_1_Disable
                0x00000d64       0x10 .\CortexM3\ARM_GCC_541\Debug\distancemeter.a(isr_1.o)
                0x00000d64                isr_1_Disable
 .text.isr_1_StartEx
                0x00000d74       0x1c .\CortexM3\ARM_GCC_541\Debug\distancemeter.a(isr_1.o)
                0x00000d74                isr_1_StartEx
 .text.isr_1_ClearPending
                0x00000d90       0x10 .\CortexM3\ARM_GCC_541\Debug\distancemeter.a(isr_1.o)
                0x00000d90                isr_1_ClearPending
 .text.UART_1_Init
                0x00000da0       0x24 .\CortexM3\ARM_GCC_541\Debug\distancemeter.a(UART_1.o)
                0x00000da0                UART_1_Init
 .text.UART_1_Enable
                0x00000dc4       0x38 .\CortexM3\ARM_GCC_541\Debug\distancemeter.a(UART_1.o)
                0x00000dc4                UART_1_Enable
 .text.UART_1_Start
                0x00000dfc       0x1c .\CortexM3\ARM_GCC_541\Debug\distancemeter.a(UART_1.o)
                0x00000dfc                UART_1_Start
 .text.UART_1_PutChar
                0x00000e18       0x18 .\CortexM3\ARM_GCC_541\Debug\distancemeter.a(UART_1.o)
                0x00000e18                UART_1_PutChar
 .text.UART_1_PutString
                0x00000e30       0x24 .\CortexM3\ARM_GCC_541\Debug\distancemeter.a(UART_1.o)
                0x00000e30                UART_1_PutString
 .text.UART_1_IntClock_Start
                0x00000e54       0x1c .\CortexM3\ARM_GCC_541\Debug\distancemeter.a(UART_1_IntClock.o)
                0x00000e54                UART_1_IntClock_Start
 .text.isr_2_SetVector
                0x00000e70        0xc .\CortexM3\ARM_GCC_541\Debug\distancemeter.a(isr_2.o)
                0x00000e70                isr_2_SetVector
 .text.isr_2_SetPriority
                0x00000e7c       0x10 .\CortexM3\ARM_GCC_541\Debug\distancemeter.a(isr_2.o)
                0x00000e7c                isr_2_SetPriority
 .text.isr_2_Enable
                0x00000e8c        0xc .\CortexM3\ARM_GCC_541\Debug\distancemeter.a(isr_2.o)
                0x00000e8c                isr_2_Enable
 .text.isr_2_Disable
                0x00000e98        0xc .\CortexM3\ARM_GCC_541\Debug\distancemeter.a(isr_2.o)
                0x00000e98                isr_2_Disable
 .text.isr_2_StartEx
                0x00000ea4       0x1c .\CortexM3\ARM_GCC_541\Debug\distancemeter.a(isr_2.o)
                0x00000ea4                isr_2_StartEx
 .text.isr_2_ClearPending
                0x00000ec0        0xc .\CortexM3\ARM_GCC_541\Debug\distancemeter.a(isr_2.o)
                0x00000ec0                isr_2_ClearPending
 .text.isr_3_SetVector
                0x00000ecc        0xc .\CortexM3\ARM_GCC_541\Debug\distancemeter.a(isr_3.o)
                0x00000ecc                isr_3_SetVector
 .text.isr_3_SetPriority
                0x00000ed8       0x10 .\CortexM3\ARM_GCC_541\Debug\distancemeter.a(isr_3.o)
                0x00000ed8                isr_3_SetPriority
 .text.isr_3_Enable
                0x00000ee8        0xc .\CortexM3\ARM_GCC_541\Debug\distancemeter.a(isr_3.o)
                0x00000ee8                isr_3_Enable
 .text.isr_3_Disable
                0x00000ef4        0xc .\CortexM3\ARM_GCC_541\Debug\distancemeter.a(isr_3.o)
                0x00000ef4                isr_3_Disable
 .text.isr_3_StartEx
                0x00000f00       0x1c .\CortexM3\ARM_GCC_541\Debug\distancemeter.a(isr_3.o)
                0x00000f00                isr_3_StartEx
 .text.isr_3_ClearPending
                0x00000f1c        0xc .\CortexM3\ARM_GCC_541\Debug\distancemeter.a(isr_3.o)
                0x00000f1c                isr_3_ClearPending
 .text.isr_4_SetVector
                0x00000f28        0xc .\CortexM3\ARM_GCC_541\Debug\distancemeter.a(isr_4.o)
                0x00000f28                isr_4_SetVector
 .text.isr_4_SetPriority
                0x00000f34       0x10 .\CortexM3\ARM_GCC_541\Debug\distancemeter.a(isr_4.o)
                0x00000f34                isr_4_SetPriority
 .text.isr_4_Enable
                0x00000f44        0xc .\CortexM3\ARM_GCC_541\Debug\distancemeter.a(isr_4.o)
                0x00000f44                isr_4_Enable
 .text.isr_4_Disable
                0x00000f50        0xc .\CortexM3\ARM_GCC_541\Debug\distancemeter.a(isr_4.o)
                0x00000f50                isr_4_Disable
 .text.isr_4_StartEx
                0x00000f5c       0x1c .\CortexM3\ARM_GCC_541\Debug\distancemeter.a(isr_4.o)
                0x00000f5c                isr_4_StartEx
 .text.isr_4_ClearPending
                0x00000f78        0xc .\CortexM3\ARM_GCC_541\Debug\distancemeter.a(isr_4.o)
                0x00000f78                isr_4_ClearPending
 .text.Clock_2_Start
                0x00000f84       0x1c .\CortexM3\ARM_GCC_541\Debug\distancemeter.a(Clock_2.o)
                0x00000f84                Clock_2_Start
 .text.beeperpin_Write
                0x00000fa0       0x18 .\CortexM3\ARM_GCC_541\Debug\distancemeter.a(beeperpin.o)
                0x00000fa0                beeperpin_Write
 .text.Pin_25_Read
                0x00000fb8       0x10 .\CortexM3\ARM_GCC_541\Debug\distancemeter.a(Pin_25.o)
                0x00000fb8                Pin_25_Read
 .text.Pin_24_Read
                0x00000fc8       0x10 .\CortexM3\ARM_GCC_541\Debug\distancemeter.a(Pin_24.o)
                0x00000fc8                Pin_24_Read
 .text.isr_5_SetVector
                0x00000fd8        0xc .\CortexM3\ARM_GCC_541\Debug\distancemeter.a(isr_5.o)
                0x00000fd8                isr_5_SetVector
 .text.isr_5_SetPriority
                0x00000fe4       0x10 .\CortexM3\ARM_GCC_541\Debug\distancemeter.a(isr_5.o)
                0x00000fe4                isr_5_SetPriority
 .text.isr_5_Enable
                0x00000ff4        0xc .\CortexM3\ARM_GCC_541\Debug\distancemeter.a(isr_5.o)
                0x00000ff4                isr_5_Enable
 .text.isr_5_Disable
                0x00001000        0xc .\CortexM3\ARM_GCC_541\Debug\distancemeter.a(isr_5.o)
                0x00001000                isr_5_Disable
 .text.isr_5_StartEx
                0x0000100c       0x1c .\CortexM3\ARM_GCC_541\Debug\distancemeter.a(isr_5.o)
                0x0000100c                isr_5_StartEx
 .text.isr_5_ClearPending
                0x00001028        0xc .\CortexM3\ARM_GCC_541\Debug\distancemeter.a(isr_5.o)
                0x00001028                isr_5_ClearPending
 .text.EEPROM_1_Enable
                0x00001034        0xc .\CortexM3\ARM_GCC_541\Debug\distancemeter.a(EEPROM_1.o)
                0x00001034                EEPROM_1_Enable
 .text.EEPROM_1_Start
                0x00001040        0x8 .\CortexM3\ARM_GCC_541\Debug\distancemeter.a(EEPROM_1.o)
                0x00001040                EEPROM_1_Start
 .text.EEPROM_1_WriteByte
                0x00001048       0xd0 .\CortexM3\ARM_GCC_541\Debug\distancemeter.a(EEPROM_1.o)
                0x00001048                EEPROM_1_WriteByte
 .text.EEPROM_1_ReadByte
                0x00001118       0x28 .\CortexM3\ARM_GCC_541\Debug\distancemeter.a(EEPROM_1.o)
                0x00001118                EEPROM_1_ReadByte
 .text.Clock_3_Start
                0x00001140       0x1c .\CortexM3\ARM_GCC_541\Debug\distancemeter.a(Clock_3.o)
                0x00001140                Clock_3_Start
 .text.counter_reset_Write
                0x0000115c        0xc .\CortexM3\ARM_GCC_541\Debug\distancemeter.a(counter_reset.o)
                0x0000115c                counter_reset_Write
 .text          0x00001168       0x20 .\CortexM3\ARM_GCC_541\Debug\distancemeter.a(CyBootAsmGnu.o)
                0x00001168                CyDelayCycles
                0x00001178                CyEnterCriticalSection
                0x00001180                CyExitCriticalSection
 .text.CySetTempInt
                0x00001188       0x60 .\CortexM3\ARM_GCC_541\Debug\distancemeter.a(CyFlash.o)
 .text.CyFlashGetSpcAlgorithm
                0x000011e8       0x4c .\CortexM3\ARM_GCC_541\Debug\distancemeter.a(CyFlash.o)
                0x000011e8                CyFlashGetSpcAlgorithm
 .text.CySetTemp
                0x00001234       0x14 .\CortexM3\ARM_GCC_541\Debug\distancemeter.a(CyFlash.o)
                0x00001234                CySetTemp
 .text.CyEEPROM_Start
                0x00001248       0x54 .\CortexM3\ARM_GCC_541\Debug\distancemeter.a(CyFlash.o)
                0x00001248                CyEEPROM_Start
 .text.CyEEPROM_ReadReserve
                0x0000129c       0x1c .\CortexM3\ARM_GCC_541\Debug\distancemeter.a(CyFlash.o)
                0x0000129c                CyEEPROM_ReadReserve
 .text.CyEEPROM_ReadRelease
                0x000012b8       0x10 .\CortexM3\ARM_GCC_541\Debug\distancemeter.a(CyFlash.o)
                0x000012b8                CyEEPROM_ReadRelease
 .text.CySpcStart
                0x000012c8       0x24 .\CortexM3\ARM_GCC_541\Debug\distancemeter.a(CySpc.o)
                0x000012c8                CySpcStart
 .text.CySpcReadData
                0x000012ec       0x34 .\CortexM3\ARM_GCC_541\Debug\distancemeter.a(CySpc.o)
                0x000012ec                CySpcReadData
 .text.CySpcLoadMultiByte
                0x00001320       0x78 .\CortexM3\ARM_GCC_541\Debug\distancemeter.a(CySpc.o)
                0x00001320                CySpcLoadMultiByte
 .text.CySpcWriteRow
                0x00001398       0x4c .\CortexM3\ARM_GCC_541\Debug\distancemeter.a(CySpc.o)
                0x00001398                CySpcWriteRow
 .text.CySpcGetTemp
                0x000013e4       0x3c .\CortexM3\ARM_GCC_541\Debug\distancemeter.a(CySpc.o)
                0x000013e4                CySpcGetTemp
 .text.CySpcLock
                0x00001420       0x4c .\CortexM3\ARM_GCC_541\Debug\distancemeter.a(CySpc.o)
                0x00001420                CySpcLock
 .text.CySpcUnlock
                0x0000146c       0x38 .\CortexM3\ARM_GCC_541\Debug\distancemeter.a(CySpc.o)
                0x0000146c                CySpcUnlock
 .text.CySpcGetAlgorithm
                0x000014a4       0x28 .\CortexM3\ARM_GCC_541\Debug\distancemeter.a(CySpc.o)
                0x000014a4                CySpcGetAlgorithm
 .text          0x000014cc      0x370 f:/psoc/psoc creator/4.4/psoc creator/import/gnu/arm/5.4.1/bin/../lib/gcc/arm-none-eabi/5.4.1/armv7-m\libgcc.a(_arm_addsubdf3.o)
                0x000014cc                __aeabi_drsub
                0x000014d4                __aeabi_dsub
                0x000014d4                __subdf3
                0x000014d8                __aeabi_dadd
                0x000014d8                __adddf3
                0x00001750                __floatunsidf
                0x00001750                __aeabi_ui2d
                0x00001770                __floatsidf
                0x00001770                __aeabi_i2d
                0x00001794                __aeabi_f2d
                0x00001794                __extendsfdf2
                0x000017d0                __floatundidf
                0x000017d0                __aeabi_ul2d
                0x000017e0                __floatdidf
                0x000017e0                __aeabi_l2d
 .text          0x0000183c      0x21c f:/psoc/psoc creator/4.4/psoc creator/import/gnu/arm/5.4.1/bin/../lib/gcc/arm-none-eabi/5.4.1/armv7-m\libgcc.a(_arm_addsubsf3.o)
                0x0000183c                __aeabi_frsub
                0x00001844                __subsf3
                0x00001844                __aeabi_fsub
                0x00001848                __aeabi_fadd
                0x00001848                __addsf3
                0x000019a8                __aeabi_ui2f
                0x000019a8                __floatunsisf
                0x000019b0                __aeabi_i2f
                0x000019b0                __floatsisf
                0x000019cc                __aeabi_ul2f
                0x000019cc                __floatundisf
                0x000019dc                __aeabi_l2f
                0x000019dc                __floatdisf
 .text          0x00001a58      0x2a0 f:/psoc/psoc creator/4.4/psoc creator/import/gnu/arm/5.4.1/bin/../lib/gcc/arm-none-eabi/5.4.1/armv7-m\libgcc.a(_arm_muldivsf3.o)
                0x00001a58                __mulsf3
                0x00001a58                __aeabi_fmul
                0x00001bc0                __aeabi_fdiv
                0x00001bc0                __divsf3
 .text          0x00001cf8       0xec f:/psoc/psoc creator/4.4/psoc creator/import/gnu/arm/5.4.1/bin/../lib/gcc/arm-none-eabi/5.4.1/armv7-m\libgcc.a(_arm_cmpsf2.o)
                0x00001cf8                __gesf2
                0x00001cf8                __gtsf2
                0x00001d00                __lesf2
                0x00001d00                __ltsf2
                0x00001d08                __nesf2
                0x00001d08                __eqsf2
                0x00001d08                __cmpsf2
                0x00001d68                __aeabi_cfrcmple
                0x00001d70                __aeabi_cfcmpeq
                0x00001d70                __aeabi_cfcmple
                0x00001d80                __aeabi_fcmpeq
                0x00001d94                __aeabi_fcmplt
                0x00001da8                __aeabi_fcmple
                0x00001dbc                __aeabi_fcmpge
                0x00001dd0                __aeabi_fcmpgt
 .text          0x00001de4       0x4c f:/psoc/psoc creator/4.4/psoc creator/import/gnu/arm/5.4.1/bin/../lib/gcc/arm-none-eabi/5.4.1/armv7-m\libgcc.a(_arm_fixsfsi.o)
                0x00001de4                __aeabi_f2iz
                0x00001de4                __fixsfsi
 .text.__errno  0x00001e30        0xc f:/psoc/psoc creator/4.4/psoc creator/import/gnu/arm/5.4.1/bin/../lib/gcc/arm-none-eabi/5.4.1/../../../../arm-none-eabi/lib/armv7-m\libg_nano.a(lib_a-errno.o)
                0x00001e30                __errno
 .text.__libc_init_array
                0x00001e3c       0x4c f:/psoc/psoc creator/4.4/psoc creator/import/gnu/arm/5.4.1/bin/../lib/gcc/arm-none-eabi/5.4.1/../../../../arm-none-eabi/lib/armv7-m\libg_nano.a(lib_a-init.o)
                0x00001e3c                __libc_init_array
 .text.memcpy   0x00001e88       0x16 f:/psoc/psoc creator/4.4/psoc creator/import/gnu/arm/5.4.1/bin/../lib/gcc/arm-none-eabi/5.4.1/../../../../arm-none-eabi/lib/armv7-m\libg_nano.a(lib_a-memcpy-stub.o)
                0x00001e88                memcpy
 .text.memset   0x00001e9e       0x10 f:/psoc/psoc creator/4.4/psoc creator/import/gnu/arm/5.4.1/bin/../lib/gcc/arm-none-eabi/5.4.1/../../../../arm-none-eabi/lib/armv7-m\libg_nano.a(lib_a-memset.o)
                0x00001e9e                memset
 .text.__cvt    0x00001eae       0xc0 f:/psoc/psoc creator/4.4/psoc creator/import/gnu/arm/5.4.1/bin/../lib/gcc/arm-none-eabi/5.4.1/../../../../arm-none-eabi/lib/armv7-m\libg_nano.a(lib_a-nano-vfprintf_float.o)
                0x00001eae                __cvt
 .text.__exponent
                0x00001f6e       0x62 f:/psoc/psoc creator/4.4/psoc creator/import/gnu/arm/5.4.1/bin/../lib/gcc/arm-none-eabi/5.4.1/../../../../arm-none-eabi/lib/armv7-m\libg_nano.a(lib_a-nano-vfprintf_float.o)
                0x00001f6e                __exponent
 .text._printf_float
                0x00001fd0      0x488 f:/psoc/psoc creator/4.4/psoc creator/import/gnu/arm/5.4.1/bin/../lib/gcc/arm-none-eabi/5.4.1/../../../../arm-none-eabi/lib/armv7-m\libg_nano.a(lib_a-nano-vfprintf_float.o)
                0x00001fd0                _printf_float
 .text._printf_common
                0x00002458       0xec f:/psoc/psoc creator/4.4/psoc creator/import/gnu/arm/5.4.1/bin/../lib/gcc/arm-none-eabi/5.4.1/../../../../arm-none-eabi/lib/armv7-m\libg_nano.a(lib_a-nano-vfprintf_i.o)
                0x00002458                _printf_common
 .text._printf_i
                0x00002544      0x24c f:/psoc/psoc creator/4.4/psoc creator/import/gnu/arm/5.4.1/bin/../lib/gcc/arm-none-eabi/5.4.1/../../../../arm-none-eabi/lib/armv7-m\libg_nano.a(lib_a-nano-vfprintf_i.o)
                0x00002544                _printf_i
 .text.sprintf  0x00002790       0x48 f:/psoc/psoc creator/4.4/psoc creator/import/gnu/arm/5.4.1/bin/../lib/gcc/arm-none-eabi/5.4.1/../../../../arm-none-eabi/lib/armv7-m\libg_nano.a(lib_a-sprintf.o)
                0x00002790                siprintf
                0x00002790                sprintf
 .text          0x000027d8       0x10 f:/psoc/psoc creator/4.4/psoc creator/import/gnu/arm/5.4.1/bin/../lib/gcc/arm-none-eabi/5.4.1/../../../../arm-none-eabi/lib/armv7-m\libg_nano.a(lib_a-strlen.o)
                0x000027d8                strlen
 .text.quorem   0x000027e8      0x116 f:/psoc/psoc creator/4.4/psoc creator/import/gnu/arm/5.4.1/bin/../lib/gcc/arm-none-eabi/5.4.1/../../../../arm-none-eabi/lib/armv7-m\libg_nano.a(lib_a-dtoa.o)
 *fill*         0x000028fe        0x2 
 .text._dtoa_r  0x00002900      0xb30 f:/psoc/psoc creator/4.4/psoc creator/import/gnu/arm/5.4.1/bin/../lib/gcc/arm-none-eabi/5.4.1/../../../../arm-none-eabi/lib/armv7-m\libg_nano.a(lib_a-dtoa.o)
                0x00002900                _dtoa_r
 .text._localeconv_r
                0x00003430        0x8 f:/psoc/psoc creator/4.4/psoc creator/import/gnu/arm/5.4.1/bin/../lib/gcc/arm-none-eabi/5.4.1/../../../../arm-none-eabi/lib/armv7-m\libg_nano.a(lib_a-locale.o)
                0x00003430                _localeconv_r
 .text.malloc   0x00003438       0x10 f:/psoc/psoc creator/4.4/psoc creator/import/gnu/arm/5.4.1/bin/../lib/gcc/arm-none-eabi/5.4.1/../../../../arm-none-eabi/lib/armv7-m\libg_nano.a(lib_a-malloc.o)
                0x00003438                malloc
 .text.memchr   0x00003448       0x1c f:/psoc/psoc creator/4.4/psoc creator/import/gnu/arm/5.4.1/bin/../lib/gcc/arm-none-eabi/5.4.1/../../../../arm-none-eabi/lib/armv7-m\libg_nano.a(lib_a-memchr-stub.o)
                0x00003448                memchr
 .text._Balloc  0x00003464       0x6a f:/psoc/psoc creator/4.4/psoc creator/import/gnu/arm/5.4.1/bin/../lib/gcc/arm-none-eabi/5.4.1/../../../../arm-none-eabi/lib/armv7-m\libg_nano.a(lib_a-mprec.o)
                0x00003464                _Balloc
 .text._Bfree   0x000034ce       0x2e f:/psoc/psoc creator/4.4/psoc creator/import/gnu/arm/5.4.1/bin/../lib/gcc/arm-none-eabi/5.4.1/../../../../arm-none-eabi/lib/armv7-m\libg_nano.a(lib_a-mprec.o)
                0x000034ce                _Bfree
 .text.__multadd
                0x000034fc       0x76 f:/psoc/psoc creator/4.4/psoc creator/import/gnu/arm/5.4.1/bin/../lib/gcc/arm-none-eabi/5.4.1/../../../../arm-none-eabi/lib/armv7-m\libg_nano.a(lib_a-mprec.o)
                0x000034fc                __multadd
 .text.__hi0bits
                0x00003572       0x40 f:/psoc/psoc creator/4.4/psoc creator/import/gnu/arm/5.4.1/bin/../lib/gcc/arm-none-eabi/5.4.1/../../../../arm-none-eabi/lib/armv7-m\libg_nano.a(lib_a-mprec.o)
                0x00003572                __hi0bits
 .text.__lo0bits
                0x000035b2       0x5a f:/psoc/psoc creator/4.4/psoc creator/import/gnu/arm/5.4.1/bin/../lib/gcc/arm-none-eabi/5.4.1/../../../../arm-none-eabi/lib/armv7-m\libg_nano.a(lib_a-mprec.o)
                0x000035b2                __lo0bits
 .text.__i2b    0x0000360c       0x12 f:/psoc/psoc creator/4.4/psoc creator/import/gnu/arm/5.4.1/bin/../lib/gcc/arm-none-eabi/5.4.1/../../../../arm-none-eabi/lib/armv7-m\libg_nano.a(lib_a-mprec.o)
                0x0000360c                __i2b
 .text.__multiply
                0x0000361e      0x120 f:/psoc/psoc creator/4.4/psoc creator/import/gnu/arm/5.4.1/bin/../lib/gcc/arm-none-eabi/5.4.1/../../../../arm-none-eabi/lib/armv7-m\libg_nano.a(lib_a-mprec.o)
                0x0000361e                __multiply
 *fill*         0x0000373e        0x2 
 .text.__pow5mult
                0x00003740       0x9c f:/psoc/psoc creator/4.4/psoc creator/import/gnu/arm/5.4.1/bin/../lib/gcc/arm-none-eabi/5.4.1/../../../../arm-none-eabi/lib/armv7-m\libg_nano.a(lib_a-mprec.o)
                0x00003740                __pow5mult
 .text.__lshift
                0x000037dc       0xa2 f:/psoc/psoc creator/4.4/psoc creator/import/gnu/arm/5.4.1/bin/../lib/gcc/arm-none-eabi/5.4.1/../../../../arm-none-eabi/lib/armv7-m\libg_nano.a(lib_a-mprec.o)
                0x000037dc                __lshift
 .text.__mcmp   0x0000387e       0x38 f:/psoc/psoc creator/4.4/psoc creator/import/gnu/arm/5.4.1/bin/../lib/gcc/arm-none-eabi/5.4.1/../../../../arm-none-eabi/lib/armv7-m\libg_nano.a(lib_a-mprec.o)
                0x0000387e                __mcmp
 .text.__mdiff  0x000038b6       0xbe f:/psoc/psoc creator/4.4/psoc creator/import/gnu/arm/5.4.1/bin/../lib/gcc/arm-none-eabi/5.4.1/../../../../arm-none-eabi/lib/armv7-m\libg_nano.a(lib_a-mprec.o)
                0x000038b6                __mdiff
 .text.__d2b    0x00003974       0x9c f:/psoc/psoc creator/4.4/psoc creator/import/gnu/arm/5.4.1/bin/../lib/gcc/arm-none-eabi/5.4.1/../../../../arm-none-eabi/lib/armv7-m\libg_nano.a(lib_a-mprec.o)
                0x00003974                __d2b
 .text._calloc_r
                0x00003a10       0x1c f:/psoc/psoc creator/4.4/psoc creator/import/gnu/arm/5.4.1/bin/../lib/gcc/arm-none-eabi/5.4.1/../../../../arm-none-eabi/lib/armv7-m\libg_nano.a(lib_a-nano-callocr.o)
                0x00003a10                _calloc_r
 .text._free_r  0x00003a2c       0x98 f:/psoc/psoc creator/4.4/psoc creator/import/gnu/arm/5.4.1/bin/../lib/gcc/arm-none-eabi/5.4.1/../../../../arm-none-eabi/lib/armv7-m\libg_nano.a(lib_a-nano-freer.o)
                0x00003a2c                _free_r
 .text._malloc_r
                0x00003ac4       0xbc f:/psoc/psoc creator/4.4/psoc creator/import/gnu/arm/5.4.1/bin/../lib/gcc/arm-none-eabi/5.4.1/../../../../arm-none-eabi/lib/armv7-m\libg_nano.a(lib_a-nano-mallocr.o)
                0x00003ac4                _malloc_r
 .text.__ssputs_r
                0x00003b80       0xb2 f:/psoc/psoc creator/4.4/psoc creator/import/gnu/arm/5.4.1/bin/../lib/gcc/arm-none-eabi/5.4.1/../../../../arm-none-eabi/lib/armv7-m\libg_nano.a(lib_a-nano-svfprintf.o)
                0x00003b80                __ssputs_r
 *fill*         0x00003c32        0x2 
 .text._svfprintf_r
                0x00003c34      0x1e8 f:/psoc/psoc creator/4.4/psoc creator/import/gnu/arm/5.4.1/bin/../lib/gcc/arm-none-eabi/5.4.1/../../../../arm-none-eabi/lib/armv7-m\libg_nano.a(lib_a-nano-svfprintf.o)
                0x00003c34                _svfiprintf_r
                0x00003c34                _svfprintf_r
 .text._sbrk_r  0x00003e1c       0x20 f:/psoc/psoc creator/4.4/psoc creator/import/gnu/arm/5.4.1/bin/../lib/gcc/arm-none-eabi/5.4.1/../../../../arm-none-eabi/lib/armv7-m\libg_nano.a(lib_a-sbrkr.o)
                0x00003e1c                _sbrk_r
 .text.memmove  0x00003e3c       0x36 f:/psoc/psoc creator/4.4/psoc creator/import/gnu/arm/5.4.1/bin/../lib/gcc/arm-none-eabi/5.4.1/../../../../arm-none-eabi/lib/armv7-m\libg_nano.a(lib_a-memmove.o)
                0x00003e3c                memmove
 .text.__malloc_lock
                0x00003e72        0x2 f:/psoc/psoc creator/4.4/psoc creator/import/gnu/arm/5.4.1/bin/../lib/gcc/arm-none-eabi/5.4.1/../../../../arm-none-eabi/lib/armv7-m\libg_nano.a(lib_a-mlock.o)
                0x00003e72                __malloc_lock
 .text.__malloc_unlock
                0x00003e74        0x2 f:/psoc/psoc creator/4.4/psoc creator/import/gnu/arm/5.4.1/bin/../lib/gcc/arm-none-eabi/5.4.1/../../../../arm-none-eabi/lib/armv7-m\libg_nano.a(lib_a-mlock.o)
                0x00003e74                __malloc_unlock
 .text._realloc_r
                0x00003e76       0x4c f:/psoc/psoc creator/4.4/psoc creator/import/gnu/arm/5.4.1/bin/../lib/gcc/arm-none-eabi/5.4.1/../../../../arm-none-eabi/lib/armv7-m\libg_nano.a(lib_a-nano-reallocr.o)
                0x00003e76                _realloc_r
 .text._malloc_usable_size_r
                0x00003ec2       0x14 f:/psoc/psoc creator/4.4/psoc creator/import/gnu/arm/5.4.1/bin/../lib/gcc/arm-none-eabi/5.4.1/../../../../arm-none-eabi/lib/armv7-m\libg_nano.a(lib_a-nano-msizer.o)
                0x00003ec2                _malloc_usable_size_r
 *fill*         0x00003ed6        0x2 
 .text          0x00003ed8      0x424 f:/psoc/psoc creator/4.4/psoc creator/import/gnu/arm/5.4.1/bin/../lib/gcc/arm-none-eabi/5.4.1/armv7-m\libgcc.a(_arm_muldivdf3.o)
                0x00003ed8                __aeabi_dmul
                0x00003ed8                __muldf3
                0x0000412c                __divdf3
                0x0000412c                __aeabi_ddiv
 .text          0x000042fc      0x110 f:/psoc/psoc creator/4.4/psoc creator/import/gnu/arm/5.4.1/bin/../lib/gcc/arm-none-eabi/5.4.1/armv7-m\libgcc.a(_arm_cmpdf2.o)
                0x000042fc                __gtdf2
                0x000042fc                __gedf2
                0x00004304                __ltdf2
                0x00004304                __ledf2
                0x0000430c                __nedf2
                0x0000430c                __eqdf2
                0x0000430c                __cmpdf2
                0x00004388                __aeabi_cdrcmple
                0x00004398                __aeabi_cdcmpeq
                0x00004398                __aeabi_cdcmple
                0x000043a8                __aeabi_dcmpeq
                0x000043bc                __aeabi_dcmplt
                0x000043d0                __aeabi_dcmple
                0x000043e4                __aeabi_dcmpge
                0x000043f8                __aeabi_dcmpgt
 .text          0x0000440c       0x2c f:/psoc/psoc creator/4.4/psoc creator/import/gnu/arm/5.4.1/bin/../lib/gcc/arm-none-eabi/5.4.1/armv7-m\libgcc.a(_arm_unorddf2.o)
                0x0000440c                __unorddf2
                0x0000440c                __aeabi_dcmpun
 .text          0x00004438       0x50 f:/psoc/psoc creator/4.4/psoc creator/import/gnu/arm/5.4.1/bin/../lib/gcc/arm-none-eabi/5.4.1/armv7-m\libgcc.a(_arm_fixdfsi.o)
                0x00004438                __aeabi_d2iz
                0x00004438                __fixdfsi
 *(.plt)
 *(.gnu.warning)
 *(.glue_7t)
 .glue_7t       0x00004488        0x0 linker stubs
 *(.glue_7)
 .glue_7        0x00004488        0x0 linker stubs
 *(.vfp11_veneer)
 .vfp11_veneer  0x00004488        0x0 linker stubs
 *(.bootloader)
 *(.ARM.extab* .gnu.linkonce.armextab.*)
 *(.gcc_except_table)

.v4_bx          0x00004488        0x0
 .v4_bx         0x00004488        0x0 linker stubs

.iplt           0x00004488        0x0
 .iplt          0x00004488        0x0 f:/psoc/psoc creator/4.4/psoc creator/import/gnu/arm/5.4.1/bin/../lib/gcc/arm-none-eabi/5.4.1/armv7-m/crtbegin.o

.eh_frame_hdr
 *(.eh_frame_hdr)

.eh_frame       0x00004488        0x4
 *(.eh_frame)
 .eh_frame      0x00004488        0x0 f:/psoc/psoc creator/4.4/psoc creator/import/gnu/arm/5.4.1/bin/../lib/gcc/arm-none-eabi/5.4.1/armv7-m/crtbegin.o
 .eh_frame      0x00004488        0x4 f:/psoc/psoc creator/4.4/psoc creator/import/gnu/arm/5.4.1/bin/../lib/gcc/arm-none-eabi/5.4.1/armv7-m/crtend.o
                [!provide]                PROVIDE (__exidx_start, .)

.ARM.exidx
 *(.ARM.exidx* .gnu.linkonce.armexidx.*)
                0x0000448c                __exidx_end = .

.rodata         0x00004490      0x1f0
 *(.rodata .rodata.* .gnu.linkonce.r.*)
 .rodata.str1.4
                0x00004490        0xc .\CortexM3\ARM_GCC_541\Debug\main.o
                                  0xb (size before relaxing)
 .rodata        0x0000449c       0x3a .\CortexM3\ARM_GCC_541\Debug\cyfitter_cfg.o
 *fill*         0x000044d6        0x2 
 .rodata        0x000044d8       0x15 .\CortexM3\ARM_GCC_541\Debug\distancemeter.a(PGA_1.o)
 .rodata.str1.1
                0x000044ed        0x2 f:/psoc/psoc creator/4.4/psoc creator/import/gnu/arm/5.4.1/bin/../lib/gcc/arm-none-eabi/5.4.1/../../../../arm-none-eabi/lib/armv7-m\libg_nano.a(lib_a-impure.o)
 .rodata.str1.1
                0x000044ef       0x12 f:/psoc/psoc creator/4.4/psoc creator/import/gnu/arm/5.4.1/bin/../lib/gcc/arm-none-eabi/5.4.1/../../../../arm-none-eabi/lib/armv7-m\libg_nano.a(lib_a-nano-vfprintf_float.o)
 .rodata.str1.1
                0x00004501       0x22 f:/psoc/psoc creator/4.4/psoc creator/import/gnu/arm/5.4.1/bin/../lib/gcc/arm-none-eabi/5.4.1/../../../../arm-none-eabi/lib/armv7-m\libg_nano.a(lib_a-nano-vfprintf_i.o)
 .rodata.str1.1
                0x00004523        0xd f:/psoc/psoc creator/4.4/psoc creator/import/gnu/arm/5.4.1/bin/../lib/gcc/arm-none-eabi/5.4.1/../../../../arm-none-eabi/lib/armv7-m\libg_nano.a(lib_a-dtoa.o)
                                  0xf (size before relaxing)
 .rodata.str1.1
                0x00004530        0x8 f:/psoc/psoc creator/4.4/psoc creator/import/gnu/arm/5.4.1/bin/../lib/gcc/arm-none-eabi/5.4.1/../../../../arm-none-eabi/lib/armv7-m\libg_nano.a(lib_a-locale.o)
                                  0xb (size before relaxing)
 .rodata.__mprec_tens
                0x00004538       0xc8 f:/psoc/psoc creator/4.4/psoc creator/import/gnu/arm/5.4.1/bin/../lib/gcc/arm-none-eabi/5.4.1/../../../../arm-none-eabi/lib/armv7-m\libg_nano.a(lib_a-mprec.o)
                0x00004538                __mprec_tens
 .rodata.p05.5408
                0x00004600        0xc f:/psoc/psoc creator/4.4/psoc creator/import/gnu/arm/5.4.1/bin/../lib/gcc/arm-none-eabi/5.4.1/../../../../arm-none-eabi/lib/armv7-m\libg_nano.a(lib_a-mprec.o)
 *fill*         0x0000460c        0x4 
 .rodata.__mprec_bigtens
                0x00004610       0x28 f:/psoc/psoc creator/4.4/psoc creator/import/gnu/arm/5.4.1/bin/../lib/gcc/arm-none-eabi/5.4.1/../../../../arm-none-eabi/lib/armv7-m\libg_nano.a(lib_a-mprec.o)
                0x00004610                __mprec_bigtens
 .rodata.str1.1
                0x00004638       0x11 f:/psoc/psoc creator/4.4/psoc creator/import/gnu/arm/5.4.1/bin/../lib/gcc/arm-none-eabi/5.4.1/../../../../arm-none-eabi/lib/armv7-m\libg_nano.a(lib_a-nano-svfprintf.o)
                0x0000464c                . = ALIGN (0x4)
 *fill*         0x00004649        0x3 
 *(.init)
 .init          0x0000464c        0x4 f:/psoc/psoc creator/4.4/psoc creator/import/gnu/arm/5.4.1/bin/../lib/gcc/arm-none-eabi/5.4.1/armv7-m/crti.o
                0x0000464c                _init
 .init          0x00004650        0x8 f:/psoc/psoc creator/4.4/psoc creator/import/gnu/arm/5.4.1/bin/../lib/gcc/arm-none-eabi/5.4.1/armv7-m/crtn.o
                0x00004658                . = ALIGN (0x4)
                0x00004658                __preinit_array_start = .
 *(.preinit_array)
                0x00004658                __preinit_array_end = .
                0x00004658                . = ALIGN (0x4)
                0x00004658                __init_array_start = .
 *(SORT(.init_array.*))
 *(.init_array)
 .init_array    0x00004658        0x4 f:/psoc/psoc creator/4.4/psoc creator/import/gnu/arm/5.4.1/bin/../lib/gcc/arm-none-eabi/5.4.1/armv7-m/crtbegin.o
 .init_array    0x0000465c        0x4 .\CortexM3\ARM_GCC_541\Debug\Cm3Start.o
                0x00004660                __init_array_end = .
                0x00004660                . = ALIGN (0x4)
 *(.fini)
 .fini          0x00004660        0x4 f:/psoc/psoc creator/4.4/psoc creator/import/gnu/arm/5.4.1/bin/../lib/gcc/arm-none-eabi/5.4.1/armv7-m/crti.o
                0x00004660                _fini
 .fini          0x00004664        0x8 f:/psoc/psoc creator/4.4/psoc creator/import/gnu/arm/5.4.1/bin/../lib/gcc/arm-none-eabi/5.4.1/armv7-m/crtn.o
                0x0000466c                . = ALIGN (0x4)
                0x0000466c                __fini_array_start = .
 *(.fini_array)
 .fini_array    0x0000466c        0x4 f:/psoc/psoc creator/4.4/psoc creator/import/gnu/arm/5.4.1/bin/../lib/gcc/arm-none-eabi/5.4.1/armv7-m/crtbegin.o
 *(SORT(.fini_array.*))
                0x00004670                __fini_array_end = .
                0x00004670                . = ALIGN (0x4)
 *crtbegin.o(.ctors)
 *(EXCLUDE_FILE(*crtend.o) .ctors)
 *(SORT(.ctors.*))
 *crtend.o(.ctors)
                0x00004670                . = ALIGN (0x4)
 *crtbegin.o(.dtors)
 *(EXCLUDE_FILE(*crtend.o) .dtors)
 *(SORT(.dtors.*))
 *crtend.o(.dtors)
                0x00004670                . = ALIGN (0x4)
                0x00004670                __cy_regions = .
                0x00004670        0x4 LONG 0x4680 __cy_region_init_ram
                0x00004674        0x4 LONG 0x1fff80c8 __cy_region_start_data
                0x00004678        0x4 LONG 0xc8 __cy_region_init_size_ram
                0x0000467c        0x4 LONG 0x88 __cy_region_zero_size_ram
                0x00004680                __cy_regions_end = .
                0x00004680                . = ALIGN (0x8)
                0x00004680                _etext = .

.cy_checksum_exclude
                0x00004680        0x0
 *(.cy_checksum_exclude)

.ramvectors     0x1fff8000       0xc0
                0x1fff8000                __cy_region_start_ram = .
 *(.ramvectors)
 .ramvectors    0x1fff8000       0xc0 .\CortexM3\ARM_GCC_541\Debug\Cm3Start.o
                0x1fff8000                CyRamVectors

.noinit         0x1fff80c0        0x1
 *(.noinit)
 .noinit        0x1fff80c0        0x1 .\CortexM3\ARM_GCC_541\Debug\distancemeter.a(CyLib.o)
                0x1fff80c0                CyResetStatus

.data           0x1fff80c8       0xc8 load address 0x00004680
                0x1fff80c8                __cy_region_start_data = .
 *(.jcr)
 .jcr           0x1fff80c8        0x0 f:/psoc/psoc creator/4.4/psoc creator/import/gnu/arm/5.4.1/bin/../lib/gcc/arm-none-eabi/5.4.1/armv7-m/crtbegin.o
 .jcr           0x1fff80c8        0x4 f:/psoc/psoc creator/4.4/psoc creator/import/gnu/arm/5.4.1/bin/../lib/gcc/arm-none-eabi/5.4.1/armv7-m/crtend.o
 *(.got.plt)
 *(.got)
 *(.shdata)
 *(.data .data.* .gnu.linkonce.d.*)
 .data          0x1fff80cc       0x14 .\CortexM3\ARM_GCC_541\Debug\main.o
                0x1fff80cc                group_no
                0x1fff80d0                a1
                0x1fff80d4                a2
                0x1fff80d8                a3
                0x1fff80dc                a4
 .data          0x1fff80e0        0x4 .\CortexM3\ARM_GCC_541\Debug\Cm3Start.o
 .data          0x1fff80e4       0x10 .\CortexM3\ARM_GCC_541\Debug\distancemeter.a(CyLib.o)
                0x1fff80e4                cydelay_32k_ms
                0x1fff80e8                cydelay_freq_khz
                0x1fff80ec                cydelay_freq_mhz
                0x1fff80f0                cydelay_freq_hz
 .data.impure_data
                0x1fff80f4       0x60 f:/psoc/psoc creator/4.4/psoc creator/import/gnu/arm/5.4.1/bin/../lib/gcc/arm-none-eabi/5.4.1/../../../../arm-none-eabi/lib/armv7-m\libg_nano.a(lib_a-impure.o)
 .data._impure_ptr
                0x1fff8154        0x4 f:/psoc/psoc creator/4.4/psoc creator/import/gnu/arm/5.4.1/bin/../lib/gcc/arm-none-eabi/5.4.1/../../../../arm-none-eabi/lib/armv7-m\libg_nano.a(lib_a-impure.o)
                0x1fff8154                _impure_ptr
 .data.lconv    0x1fff8158       0x38 f:/psoc/psoc creator/4.4/psoc creator/import/gnu/arm/5.4.1/bin/../lib/gcc/arm-none-eabi/5.4.1/../../../../arm-none-eabi/lib/armv7-m\libg_nano.a(lib_a-locale.o)
                0x1fff8190                . = ALIGN (0x8)
 *(.ram)
                0x1fff8190                _edata = .

.igot.plt       0x1fff8190        0x0 load address 0x00004748
 .igot.plt      0x1fff8190        0x0 f:/psoc/psoc creator/4.4/psoc creator/import/gnu/arm/5.4.1/bin/../lib/gcc/arm-none-eabi/5.4.1/armv7-m/crtbegin.o

.bss            0x1fff8190       0x88 load address 0x00004748
                0x1fff8190                PROVIDE (__bss_start__, .)
 *(.shbss)
 *(.bss .bss.* .gnu.linkonce.b.*)
 .bss           0x1fff8190       0x1c f:/psoc/psoc creator/4.4/psoc creator/import/gnu/arm/5.4.1/bin/../lib/gcc/arm-none-eabi/5.4.1/armv7-m/crtbegin.o
 .bss           0x1fff81ac        0x8 .\CortexM3\ARM_GCC_541\Debug\main.o
                0x1fff81ac                rec_hr
                0x1fff81b0                i
 .bss           0x1fff81b4        0x1 .\CortexM3\ARM_GCC_541\Debug\distancemeter.a(Opamp_1.o)
                0x1fff81b4                Opamp_1_initVar
 .bss           0x1fff81b5        0x1 .\CortexM3\ARM_GCC_541\Debug\distancemeter.a(PGA_1.o)
                0x1fff81b5                PGA_1_initVar
 .bss           0x1fff81b6        0x1 .\CortexM3\ARM_GCC_541\Debug\distancemeter.a(Comp_1.o)
                0x1fff81b6                Comp_1_initVar
 .bss           0x1fff81b7        0x1 .\CortexM3\ARM_GCC_541\Debug\distancemeter.a(VDAC8_1.o)
                0x1fff81b7                VDAC8_1_initVar
 .bss           0x1fff81b8        0x1 .\CortexM3\ARM_GCC_541\Debug\distancemeter.a(Timer_1.o)
                0x1fff81b8                Timer_1_initVar
 .bss           0x1fff81b9        0x2 .\CortexM3\ARM_GCC_541\Debug\distancemeter.a(UART_1.o)
                0x1fff81b9                UART_1_initVar
 *fill*         0x1fff81bb        0x1 
 .bss           0x1fff81bc        0x8 .\CortexM3\ARM_GCC_541\Debug\distancemeter.a(CySpc.o)
                0x1fff81bc                SpcLockState
 .bss.__malloc_sbrk_start
                0x1fff81c4        0x4 f:/psoc/psoc creator/4.4/psoc creator/import/gnu/arm/5.4.1/bin/../lib/gcc/arm-none-eabi/5.4.1/../../../../arm-none-eabi/lib/armv7-m\libg_nano.a(lib_a-nano-mallocr.o)
                0x1fff81c4                __malloc_sbrk_start
 .bss.__malloc_free_list
                0x1fff81c8        0x4 f:/psoc/psoc creator/4.4/psoc creator/import/gnu/arm/5.4.1/bin/../lib/gcc/arm-none-eabi/5.4.1/../../../../arm-none-eabi/lib/armv7-m\libg_nano.a(lib_a-nano-mallocr.o)
                0x1fff81c8                __malloc_free_list
 *(COMMON)
 COMMON         0x1fff81cc       0x40 .\CortexM3\ARM_GCC_541\Debug\main.o
                0x1fff81cc                b2
                0x1fff81d0                b1
                0x1fff81d4                b4
                0x1fff81d8                Timer
                0x1fff81dc                Program_mode
                0x1fff81e0                tmpStr
                0x1fff8200                b3
                0x1fff8204                hr
                0x1fff8208                Time
 COMMON         0x1fff820c        0x2 .\CortexM3\ARM_GCC_541\Debug\distancemeter.a(CyFlash.o)
                0x1fff820c                dieTemperature
 *fill*         0x1fff820e        0x2 
 COMMON         0x1fff8210        0x4 f:/psoc/psoc creator/4.4/psoc creator/import/gnu/arm/5.4.1/bin/../lib/gcc/arm-none-eabi/5.4.1/../../../../arm-none-eabi/lib/armv7-m\libg_nano.a(lib_a-reent.o)
                0x1fff8210                errno
                0x1fff8218                . = ALIGN (0x8)
 *fill*         0x1fff8214        0x4 
 *(.ram.b)
                0x1fff8218                _end = .
                0x1fff8218                __end = .
                0x1fff8218                PROVIDE (end, .)
                0x1fff8218                PROVIDE (__bss_end__, .)
                0x00004680                __cy_region_init_ram = LOADADDR (.data)
                0x000000c8                __cy_region_init_size_ram = (_edata - ADDR (.data))
                0x00000088                __cy_region_zero_size_ram = (_end - _edata)

.heap           0x1fff8218      0x200 load address 0x00004748
                0x1fff8218                . = _end
                0x1fff8418                . = (. + 0x200)
 *fill*         0x1fff8218      0x200 
                0x1fff8418                __cy_heap_limit = .

.stack          0x20007800      0x800
                0x20007800                __cy_stack_limit = .
                0x20008000                . = (. + 0x800)
 *fill*         0x20007800      0x800 
                0x00000001                ASSERT ((__cy_stack_limit >= __cy_heap_limit), region RAM overflowed with stack)
                0x00000000                cy_checksum_exclude_size = (CY_APPL_LOADABLE == 0x1)?SIZEOF (.cy_checksum_exclude):0x0
                0x00000001                ASSERT ((cy_checksum_exclude_size <= CY_CHECKSUM_EXCLUDE_SIZE), CY_BOOT: Section .cy_checksum_exclude size exceedes specified limit.)

.cyloadermeta
 *(.cyloadermeta)

.cyloadablemeta
 *(.cyloadablemeta)

.cyconfigecc    0x80000000      0x568
 *(.cyconfigecc)
 .cyconfigecc   0x80000000      0x568 .\CortexM3\ARM_GCC_541\Debug\cymetadata.o
                0x80000000                cy_meta_configecc

.cycustnvl      0x90000000        0x4
 *(.cycustnvl)
 .cycustnvl     0x90000000        0x4 .\CortexM3\ARM_GCC_541\Debug\cymetadata.o
                0x90000000                cy_meta_custnvl

.cywolatch      0x90100000        0x4
 *(.cywolatch)
 .cywolatch     0x90100000        0x4 .\CortexM3\ARM_GCC_541\Debug\cymetadata.o
                0x90100000                cy_meta_wonvl

.cyeeprom       0x90200000        0x0
 *(.cyeeprom)
                0x00000001                ASSERT ((. <= ((0x90200000 + ee_offset) + ee_size)), .cyeeprom data will not fit in EEPROM)

.cyflashprotect
                0x90400000      0x100
 *(.cyflashprotect)
 .cyflashprotect
                0x90400000      0x100 .\CortexM3\ARM_GCC_541\Debug\cymetadata.o
                0x90400000                cy_meta_flashprotect

.cymeta         0x90500000        0xc
 *(.cymeta)
 .cymeta        0x90500000        0xc .\CortexM3\ARM_GCC_541\Debug\cymetadata.o
                0x90500000                cy_metadata

.rel.dyn        0x00004748        0x0 load address 0x9050000c
 .rel.iplt      0x00004748        0x0 f:/psoc/psoc creator/4.4/psoc creator/import/gnu/arm/5.4.1/bin/../lib/gcc/arm-none-eabi/5.4.1/armv7-m/crtbegin.o

.stab
 *(.stab)

.stabstr
 *(.stabstr)

.debug
 *(.debug)

.line
 *(.line)

.debug_srcinfo
 *(.debug_srcinfo)

.debug_sfnames
 *(.debug_sfnames)

.debug_aranges  0x00000000      0xe38
 *(.debug_aranges)
 .debug_aranges
                0x00000000       0x80 .\CortexM3\ARM_GCC_541\Debug\main.o
 .debug_aranges
                0x00000080       0x58 .\CortexM3\ARM_GCC_541\Debug\cyfitter_cfg.o
 .debug_aranges
                0x000000d8       0x18 .\CortexM3\ARM_GCC_541\Debug\cymetadata.o
 .debug_aranges
                0x000000f0       0x48 .\CortexM3\ARM_GCC_541\Debug\Cm3Start.o
 .debug_aranges
                0x00000138       0x28 .\CortexM3\ARM_GCC_541\Debug\distancemeter.a(Control_Reg_1.o)
 .debug_aranges
                0x00000160       0x28 .\CortexM3\ARM_GCC_541\Debug\distancemeter.a(Control_Reg_2.o)
 .debug_aranges
                0x00000188      0x2a0 .\CortexM3\ARM_GCC_541\Debug\distancemeter.a(CyLib.o)
 .debug_aranges
                0x00000428       0x98 .\CortexM3\ARM_GCC_541\Debug\distancemeter.a(cyPm.o)
 .debug_aranges
                0x000004c0       0x70 .\CortexM3\ARM_GCC_541\Debug\distancemeter.a(Clock_1.o)
 .debug_aranges
                0x00000530       0x40 .\CortexM3\ARM_GCC_541\Debug\distancemeter.a(Opamp_1.o)
 .debug_aranges
                0x00000570       0x48 .\CortexM3\ARM_GCC_541\Debug\distancemeter.a(PGA_1.o)
 .debug_aranges
                0x000005b8       0x70 .\CortexM3\ARM_GCC_541\Debug\distancemeter.a(Comp_1.o)
 .debug_aranges
                0x00000628       0x58 .\CortexM3\ARM_GCC_541\Debug\distancemeter.a(VDAC8_1.o)
 .debug_aranges
                0x00000680       0x88 .\CortexM3\ARM_GCC_541\Debug\distancemeter.a(Timer_1.o)
 .debug_aranges
                0x00000708       0x80 .\CortexM3\ARM_GCC_541\Debug\distancemeter.a(isr_1.o)
 .debug_aranges
                0x00000788       0xf0 .\CortexM3\ARM_GCC_541\Debug\distancemeter.a(UART_1.o)
 .debug_aranges
                0x00000878       0x70 .\CortexM3\ARM_GCC_541\Debug\distancemeter.a(UART_1_IntClock.o)
 .debug_aranges
                0x000008e8       0x80 .\CortexM3\ARM_GCC_541\Debug\distancemeter.a(isr_2.o)
 .debug_aranges
                0x00000968       0x80 .\CortexM3\ARM_GCC_541\Debug\distancemeter.a(isr_3.o)
 .debug_aranges
                0x000009e8       0x80 .\CortexM3\ARM_GCC_541\Debug\distancemeter.a(isr_4.o)
 .debug_aranges
                0x00000a68       0x70 .\CortexM3\ARM_GCC_541\Debug\distancemeter.a(Clock_2.o)
 .debug_aranges
                0x00000ad8       0x38 .\CortexM3\ARM_GCC_541\Debug\distancemeter.a(beeperpin.o)
 .debug_aranges
                0x00000b10       0x38 .\CortexM3\ARM_GCC_541\Debug\distancemeter.a(Pin_25.o)
 .debug_aranges
                0x00000b48       0x38 .\CortexM3\ARM_GCC_541\Debug\distancemeter.a(Pin_24.o)
 .debug_aranges
                0x00000b80       0x80 .\CortexM3\ARM_GCC_541\Debug\distancemeter.a(isr_5.o)
 .debug_aranges
                0x00000c00       0x78 .\CortexM3\ARM_GCC_541\Debug\distancemeter.a(EEPROM_1.o)
 .debug_aranges
                0x00000c78       0x70 .\CortexM3\ARM_GCC_541\Debug\distancemeter.a(Clock_3.o)
 .debug_aranges
                0x00000ce8       0x28 .\CortexM3\ARM_GCC_541\Debug\distancemeter.a(counter_reset.o)
 .debug_aranges
                0x00000d10       0x20 .\CortexM3\ARM_GCC_541\Debug\distancemeter.a(CyBootAsmGnu.o)
 .debug_aranges
                0x00000d30       0x88 .\CortexM3\ARM_GCC_541\Debug\distancemeter.a(CyFlash.o)
 .debug_aranges
                0x00000db8       0x80 .\CortexM3\ARM_GCC_541\Debug\distancemeter.a(CySpc.o)

.debug_pubnames
 *(.debug_pubnames)

.debug_info     0x00000000     0x7599
 *(.debug_info .gnu.linkonce.wi.*)
 .debug_info    0x00000000      0xc3e .\CortexM3\ARM_GCC_541\Debug\main.o
 .debug_info    0x00000c3e      0x5de .\CortexM3\ARM_GCC_541\Debug\cyfitter_cfg.o
 .debug_info    0x0000121c      0x136 .\CortexM3\ARM_GCC_541\Debug\cymetadata.o
 .debug_info    0x00001352      0x3bb .\CortexM3\ARM_GCC_541\Debug\Cm3Start.o
 .debug_info    0x0000170d       0xd6 .\CortexM3\ARM_GCC_541\Debug\distancemeter.a(Control_Reg_1.o)
 .debug_info    0x000017e3       0xd6 .\CortexM3\ARM_GCC_541\Debug\distancemeter.a(Control_Reg_2.o)
 .debug_info    0x000018b9     0x1374 .\CortexM3\ARM_GCC_541\Debug\distancemeter.a(CyLib.o)
 .debug_info    0x00002c2d      0xa2a .\CortexM3\ARM_GCC_541\Debug\distancemeter.a(cyPm.o)
 .debug_info    0x00003657      0x283 .\CortexM3\ARM_GCC_541\Debug\distancemeter.a(Clock_1.o)
 .debug_info    0x000038da      0x151 .\CortexM3\ARM_GCC_541\Debug\distancemeter.a(Opamp_1.o)
 .debug_info    0x00003a2b      0x1d4 .\CortexM3\ARM_GCC_541\Debug\distancemeter.a(PGA_1.o)
 .debug_info    0x00003bff      0x2c8 .\CortexM3\ARM_GCC_541\Debug\distancemeter.a(Comp_1.o)
 .debug_info    0x00003ec7      0x1de .\CortexM3\ARM_GCC_541\Debug\distancemeter.a(VDAC8_1.o)
 .debug_info    0x000040a5      0x293 .\CortexM3\ARM_GCC_541\Debug\distancemeter.a(Timer_1.o)
 .debug_info    0x00004338      0x2d2 .\CortexM3\ARM_GCC_541\Debug\distancemeter.a(isr_1.o)
 .debug_info    0x0000460a      0x60c .\CortexM3\ARM_GCC_541\Debug\distancemeter.a(UART_1.o)
 .debug_info    0x00004c16      0x283 .\CortexM3\ARM_GCC_541\Debug\distancemeter.a(UART_1_IntClock.o)
 .debug_info    0x00004e99      0x2d2 .\CortexM3\ARM_GCC_541\Debug\distancemeter.a(isr_2.o)
 .debug_info    0x0000516b      0x2d2 .\CortexM3\ARM_GCC_541\Debug\distancemeter.a(isr_3.o)
 .debug_info    0x0000543d      0x2d2 .\CortexM3\ARM_GCC_541\Debug\distancemeter.a(isr_4.o)
 .debug_info    0x0000570f      0x283 .\CortexM3\ARM_GCC_541\Debug\distancemeter.a(Clock_2.o)
 .debug_info    0x00005992      0x11f .\CortexM3\ARM_GCC_541\Debug\distancemeter.a(beeperpin.o)
 .debug_info    0x00005ab1      0x11f .\CortexM3\ARM_GCC_541\Debug\distancemeter.a(Pin_25.o)
 .debug_info    0x00005bd0      0x11f .\CortexM3\ARM_GCC_541\Debug\distancemeter.a(Pin_24.o)
 .debug_info    0x00005cef      0x2d2 .\CortexM3\ARM_GCC_541\Debug\distancemeter.a(isr_5.o)
 .debug_info    0x00005fc1      0x630 .\CortexM3\ARM_GCC_541\Debug\distancemeter.a(EEPROM_1.o)
 .debug_info    0x000065f1      0x283 .\CortexM3\ARM_GCC_541\Debug\distancemeter.a(Clock_3.o)
 .debug_info    0x00006874       0xd6 .\CortexM3\ARM_GCC_541\Debug\distancemeter.a(counter_reset.o)
 .debug_info    0x0000694a       0xb2 .\CortexM3\ARM_GCC_541\Debug\distancemeter.a(CyBootAsmGnu.o)
 .debug_info    0x000069fc      0x64d .\CortexM3\ARM_GCC_541\Debug\distancemeter.a(CyFlash.o)
 .debug_info    0x00007049      0x550 .\CortexM3\ARM_GCC_541\Debug\distancemeter.a(CySpc.o)

.debug_abbrev   0x00000000     0x2498
 *(.debug_abbrev)
 .debug_abbrev  0x00000000      0x19e .\CortexM3\ARM_GCC_541\Debug\main.o
 .debug_abbrev  0x0000019e      0x20d .\CortexM3\ARM_GCC_541\Debug\cyfitter_cfg.o
 .debug_abbrev  0x000003ab       0x77 .\CortexM3\ARM_GCC_541\Debug\cymetadata.o
 .debug_abbrev  0x00000422      0x1e8 .\CortexM3\ARM_GCC_541\Debug\Cm3Start.o
 .debug_abbrev  0x0000060a       0x81 .\CortexM3\ARM_GCC_541\Debug\distancemeter.a(Control_Reg_1.o)
 .debug_abbrev  0x0000068b       0x81 .\CortexM3\ARM_GCC_541\Debug\distancemeter.a(Control_Reg_2.o)
 .debug_abbrev  0x0000070c      0x254 .\CortexM3\ARM_GCC_541\Debug\distancemeter.a(CyLib.o)
 .debug_abbrev  0x00000960      0x1ab .\CortexM3\ARM_GCC_541\Debug\distancemeter.a(cyPm.o)
 .debug_abbrev  0x00000b0b      0x139 .\CortexM3\ARM_GCC_541\Debug\distancemeter.a(Clock_1.o)
 .debug_abbrev  0x00000c44       0xb2 .\CortexM3\ARM_GCC_541\Debug\distancemeter.a(Opamp_1.o)
 .debug_abbrev  0x00000cf6       0xf6 .\CortexM3\ARM_GCC_541\Debug\distancemeter.a(PGA_1.o)
 .debug_abbrev  0x00000dec      0x16e .\CortexM3\ARM_GCC_541\Debug\distancemeter.a(Comp_1.o)
 .debug_abbrev  0x00000f5a       0xf7 .\CortexM3\ARM_GCC_541\Debug\distancemeter.a(VDAC8_1.o)
 .debug_abbrev  0x00001051      0x11a .\CortexM3\ARM_GCC_541\Debug\distancemeter.a(Timer_1.o)
 .debug_abbrev  0x0000116b      0x173 .\CortexM3\ARM_GCC_541\Debug\distancemeter.a(isr_1.o)
 .debug_abbrev  0x000012de      0x175 .\CortexM3\ARM_GCC_541\Debug\distancemeter.a(UART_1.o)
 .debug_abbrev  0x00001453      0x139 .\CortexM3\ARM_GCC_541\Debug\distancemeter.a(UART_1_IntClock.o)
 .debug_abbrev  0x0000158c      0x173 .\CortexM3\ARM_GCC_541\Debug\distancemeter.a(isr_2.o)
 .debug_abbrev  0x000016ff      0x173 .\CortexM3\ARM_GCC_541\Debug\distancemeter.a(isr_3.o)
 .debug_abbrev  0x00001872      0x173 .\CortexM3\ARM_GCC_541\Debug\distancemeter.a(isr_4.o)
 .debug_abbrev  0x000019e5      0x139 .\CortexM3\ARM_GCC_541\Debug\distancemeter.a(Clock_2.o)
 .debug_abbrev  0x00001b1e       0x90 .\CortexM3\ARM_GCC_541\Debug\distancemeter.a(beeperpin.o)
 .debug_abbrev  0x00001bae       0x90 .\CortexM3\ARM_GCC_541\Debug\distancemeter.a(Pin_25.o)
 .debug_abbrev  0x00001c3e       0x90 .\CortexM3\ARM_GCC_541\Debug\distancemeter.a(Pin_24.o)
 .debug_abbrev  0x00001cce      0x173 .\CortexM3\ARM_GCC_541\Debug\distancemeter.a(isr_5.o)
 .debug_abbrev  0x00001e41      0x14e .\CortexM3\ARM_GCC_541\Debug\distancemeter.a(EEPROM_1.o)
 .debug_abbrev  0x00001f8f      0x139 .\CortexM3\ARM_GCC_541\Debug\distancemeter.a(Clock_3.o)
 .debug_abbrev  0x000020c8       0x81 .\CortexM3\ARM_GCC_541\Debug\distancemeter.a(counter_reset.o)
 .debug_abbrev  0x00002149       0x14 .\CortexM3\ARM_GCC_541\Debug\distancemeter.a(CyBootAsmGnu.o)
 .debug_abbrev  0x0000215d      0x1a7 .\CortexM3\ARM_GCC_541\Debug\distancemeter.a(CyFlash.o)
 .debug_abbrev  0x00002304      0x194 .\CortexM3\ARM_GCC_541\Debug\distancemeter.a(CySpc.o)

.debug_line     0x00000000     0x3372
 *(.debug_line)
 .debug_line    0x00000000      0x4dc .\CortexM3\ARM_GCC_541\Debug\main.o
 .debug_line    0x000004dc      0x1f1 .\CortexM3\ARM_GCC_541\Debug\cyfitter_cfg.o
 .debug_line    0x000006cd      0x113 .\CortexM3\ARM_GCC_541\Debug\cymetadata.o
 .debug_line    0x000007e0      0x206 .\CortexM3\ARM_GCC_541\Debug\Cm3Start.o
 .debug_line    0x000009e6       0x75 .\CortexM3\ARM_GCC_541\Debug\distancemeter.a(Control_Reg_1.o)
 .debug_line    0x00000a5b       0x75 .\CortexM3\ARM_GCC_541\Debug\distancemeter.a(Control_Reg_2.o)
 .debug_line    0x00000ad0      0x816 .\CortexM3\ARM_GCC_541\Debug\distancemeter.a(CyLib.o)
 .debug_line    0x000012e6      0x367 .\CortexM3\ARM_GCC_541\Debug\distancemeter.a(cyPm.o)
 .debug_line    0x0000164d      0x176 .\CortexM3\ARM_GCC_541\Debug\distancemeter.a(Clock_1.o)
 .debug_line    0x000017c3       0xaa .\CortexM3\ARM_GCC_541\Debug\distancemeter.a(Opamp_1.o)
 .debug_line    0x0000186d       0xcc .\CortexM3\ARM_GCC_541\Debug\distancemeter.a(PGA_1.o)
 .debug_line    0x00001939      0x165 .\CortexM3\ARM_GCC_541\Debug\distancemeter.a(Comp_1.o)
 .debug_line    0x00001a9e       0xe4 .\CortexM3\ARM_GCC_541\Debug\distancemeter.a(VDAC8_1.o)
 .debug_line    0x00001b82      0x155 .\CortexM3\ARM_GCC_541\Debug\distancemeter.a(Timer_1.o)
 .debug_line    0x00001cd7      0x132 .\CortexM3\ARM_GCC_541\Debug\distancemeter.a(isr_1.o)
 .debug_line    0x00001e09      0x2c0 .\CortexM3\ARM_GCC_541\Debug\distancemeter.a(UART_1.o)
 .debug_line    0x000020c9      0x17e .\CortexM3\ARM_GCC_541\Debug\distancemeter.a(UART_1_IntClock.o)
 .debug_line    0x00002247      0x132 .\CortexM3\ARM_GCC_541\Debug\distancemeter.a(isr_2.o)
 .debug_line    0x00002379      0x132 .\CortexM3\ARM_GCC_541\Debug\distancemeter.a(isr_3.o)
 .debug_line    0x000024ab      0x132 .\CortexM3\ARM_GCC_541\Debug\distancemeter.a(isr_4.o)
 .debug_line    0x000025dd      0x176 .\CortexM3\ARM_GCC_541\Debug\distancemeter.a(Clock_2.o)
 .debug_line    0x00002753       0x96 .\CortexM3\ARM_GCC_541\Debug\distancemeter.a(beeperpin.o)
 .debug_line    0x000027e9       0x93 .\CortexM3\ARM_GCC_541\Debug\distancemeter.a(Pin_25.o)
 .debug_line    0x0000287c       0x93 .\CortexM3\ARM_GCC_541\Debug\distancemeter.a(Pin_24.o)
 .debug_line    0x0000290f      0x132 .\CortexM3\ARM_GCC_541\Debug\distancemeter.a(isr_5.o)
 .debug_line    0x00002a41      0x266 .\CortexM3\ARM_GCC_541\Debug\distancemeter.a(EEPROM_1.o)
 .debug_line    0x00002ca7      0x176 .\CortexM3\ARM_GCC_541\Debug\distancemeter.a(Clock_3.o)
 .debug_line    0x00002e1d       0x75 .\CortexM3\ARM_GCC_541\Debug\distancemeter.a(counter_reset.o)
 .debug_line    0x00002e92       0x66 .\CortexM3\ARM_GCC_541\Debug\distancemeter.a(CyBootAsmGnu.o)
 .debug_line    0x00002ef8      0x21a .\CortexM3\ARM_GCC_541\Debug\distancemeter.a(CyFlash.o)
 .debug_line    0x00003112      0x260 .\CortexM3\ARM_GCC_541\Debug\distancemeter.a(CySpc.o)

.debug_frame    0x00000000     0x295c
 *(.debug_frame)
 .debug_frame   0x00000000      0x1a0 .\CortexM3\ARM_GCC_541\Debug\main.o
 .debug_frame   0x000001a0       0xe4 .\CortexM3\ARM_GCC_541\Debug\cyfitter_cfg.o
 .debug_frame   0x00000284       0xb8 .\CortexM3\ARM_GCC_541\Debug\Cm3Start.o
 .debug_frame   0x0000033c       0x30 .\CortexM3\ARM_GCC_541\Debug\distancemeter.a(Control_Reg_1.o)
 .debug_frame   0x0000036c       0x30 .\CortexM3\ARM_GCC_541\Debug\distancemeter.a(Control_Reg_2.o)
 .debug_frame   0x0000039c      0x738 .\CortexM3\ARM_GCC_541\Debug\distancemeter.a(CyLib.o)
 .debug_frame   0x00000ad4      0x1f8 .\CortexM3\ARM_GCC_541\Debug\distancemeter.a(cyPm.o)
 .debug_frame   0x00000ccc       0xe0 .\CortexM3\ARM_GCC_541\Debug\distancemeter.a(Clock_1.o)
 .debug_frame   0x00000dac       0x78 .\CortexM3\ARM_GCC_541\Debug\distancemeter.a(Opamp_1.o)
 .debug_frame   0x00000e24       0x9c .\CortexM3\ARM_GCC_541\Debug\distancemeter.a(PGA_1.o)
 .debug_frame   0x00000ec0      0x108 .\CortexM3\ARM_GCC_541\Debug\distancemeter.a(Comp_1.o)
 .debug_frame   0x00000fc8       0xb4 .\CortexM3\ARM_GCC_541\Debug\distancemeter.a(VDAC8_1.o)
 .debug_frame   0x0000107c      0x108 .\CortexM3\ARM_GCC_541\Debug\distancemeter.a(Timer_1.o)
 .debug_frame   0x00001184      0x104 .\CortexM3\ARM_GCC_541\Debug\distancemeter.a(isr_1.o)
 .debug_frame   0x00001288      0x250 .\CortexM3\ARM_GCC_541\Debug\distancemeter.a(UART_1.o)
 .debug_frame   0x000014d8       0xe0 .\CortexM3\ARM_GCC_541\Debug\distancemeter.a(UART_1_IntClock.o)
 .debug_frame   0x000015b8      0x104 .\CortexM3\ARM_GCC_541\Debug\distancemeter.a(isr_2.o)
 .debug_frame   0x000016bc      0x104 .\CortexM3\ARM_GCC_541\Debug\distancemeter.a(isr_3.o)
 .debug_frame   0x000017c0      0x104 .\CortexM3\ARM_GCC_541\Debug\distancemeter.a(isr_4.o)
 .debug_frame   0x000018c4       0xe0 .\CortexM3\ARM_GCC_541\Debug\distancemeter.a(Clock_2.o)
 .debug_frame   0x000019a4       0x50 .\CortexM3\ARM_GCC_541\Debug\distancemeter.a(beeperpin.o)
 .debug_frame   0x000019f4       0x50 .\CortexM3\ARM_GCC_541\Debug\distancemeter.a(Pin_25.o)
 .debug_frame   0x00001a44       0x50 .\CortexM3\ARM_GCC_541\Debug\distancemeter.a(Pin_24.o)
 .debug_frame   0x00001a94      0x104 .\CortexM3\ARM_GCC_541\Debug\distancemeter.a(isr_5.o)
 .debug_frame   0x00001b98      0x17c .\CortexM3\ARM_GCC_541\Debug\distancemeter.a(EEPROM_1.o)
 .debug_frame   0x00001d14       0xe0 .\CortexM3\ARM_GCC_541\Debug\distancemeter.a(Clock_3.o)
 .debug_frame   0x00001df4       0x30 .\CortexM3\ARM_GCC_541\Debug\distancemeter.a(counter_reset.o)
 .debug_frame   0x00001e24      0x194 .\CortexM3\ARM_GCC_541\Debug\distancemeter.a(CyFlash.o)
 .debug_frame   0x00001fb8      0x180 .\CortexM3\ARM_GCC_541\Debug\distancemeter.a(CySpc.o)
 .debug_frame   0x00002138       0x20 f:/psoc/psoc creator/4.4/psoc creator/import/gnu/arm/5.4.1/bin/../lib/gcc/arm-none-eabi/5.4.1/../../../../arm-none-eabi/lib/armv7-m\libg_nano.a(lib_a-errno.o)
 .debug_frame   0x00002158       0x28 f:/psoc/psoc creator/4.4/psoc creator/import/gnu/arm/5.4.1/bin/../lib/gcc/arm-none-eabi/5.4.1/../../../../arm-none-eabi/lib/armv7-m\libg_nano.a(lib_a-exit.o)
 .debug_frame   0x00002180       0x2c f:/psoc/psoc creator/4.4/psoc creator/import/gnu/arm/5.4.1/bin/../lib/gcc/arm-none-eabi/5.4.1/../../../../arm-none-eabi/lib/armv7-m\libg_nano.a(lib_a-init.o)
 .debug_frame   0x000021ac       0x28 f:/psoc/psoc creator/4.4/psoc creator/import/gnu/arm/5.4.1/bin/../lib/gcc/arm-none-eabi/5.4.1/../../../../arm-none-eabi/lib/armv7-m\libg_nano.a(lib_a-memcpy-stub.o)
 .debug_frame   0x000021d4       0x20 f:/psoc/psoc creator/4.4/psoc creator/import/gnu/arm/5.4.1/bin/../lib/gcc/arm-none-eabi/5.4.1/../../../../arm-none-eabi/lib/armv7-m\libg_nano.a(lib_a-memset.o)
 .debug_frame   0x000021f4       0x8c f:/psoc/psoc creator/4.4/psoc creator/import/gnu/arm/5.4.1/bin/../lib/gcc/arm-none-eabi/5.4.1/../../../../arm-none-eabi/lib/armv7-m\libg_nano.a(lib_a-nano-vfprintf_float.o)
 .debug_frame   0x00002280       0x60 f:/psoc/psoc creator/4.4/psoc creator/import/gnu/arm/5.4.1/bin/../lib/gcc/arm-none-eabi/5.4.1/../../../../arm-none-eabi/lib/armv7-m\libg_nano.a(lib_a-nano-vfprintf_i.o)
 .debug_frame   0x000022e0       0x70 f:/psoc/psoc creator/4.4/psoc creator/import/gnu/arm/5.4.1/bin/../lib/gcc/arm-none-eabi/5.4.1/../../../../arm-none-eabi/lib/armv7-m\libg_nano.a(lib_a-sprintf.o)
 .debug_frame   0x00002350       0x6c f:/psoc/psoc creator/4.4/psoc creator/import/gnu/arm/5.4.1/bin/../lib/gcc/arm-none-eabi/5.4.1/../../../../arm-none-eabi/lib/armv7-m\libg_nano.a(lib_a-dtoa.o)
 .debug_frame   0x000023bc       0x98 f:/psoc/psoc creator/4.4/psoc creator/import/gnu/arm/5.4.1/bin/../lib/gcc/arm-none-eabi/5.4.1/../../../../arm-none-eabi/lib/armv7-m\libg_nano.a(lib_a-locale.o)
 .debug_frame   0x00002454       0x30 f:/psoc/psoc creator/4.4/psoc creator/import/gnu/arm/5.4.1/bin/../lib/gcc/arm-none-eabi/5.4.1/../../../../arm-none-eabi/lib/armv7-m\libg_nano.a(lib_a-malloc.o)
 .debug_frame   0x00002484       0x28 f:/psoc/psoc creator/4.4/psoc creator/import/gnu/arm/5.4.1/bin/../lib/gcc/arm-none-eabi/5.4.1/../../../../arm-none-eabi/lib/armv7-m\libg_nano.a(lib_a-memchr-stub.o)
 .debug_frame   0x000024ac      0x234 f:/psoc/psoc creator/4.4/psoc creator/import/gnu/arm/5.4.1/bin/../lib/gcc/arm-none-eabi/5.4.1/../../../../arm-none-eabi/lib/armv7-m\libg_nano.a(lib_a-mprec.o)
 .debug_frame   0x000026e0       0x2c f:/psoc/psoc creator/4.4/psoc creator/import/gnu/arm/5.4.1/bin/../lib/gcc/arm-none-eabi/5.4.1/../../../../arm-none-eabi/lib/armv7-m\libg_nano.a(lib_a-nano-callocr.o)
 .debug_frame   0x0000270c       0x38 f:/psoc/psoc creator/4.4/psoc creator/import/gnu/arm/5.4.1/bin/../lib/gcc/arm-none-eabi/5.4.1/../../../../arm-none-eabi/lib/armv7-m\libg_nano.a(lib_a-nano-freer.o)
 .debug_frame   0x00002744       0x2c f:/psoc/psoc creator/4.4/psoc creator/import/gnu/arm/5.4.1/bin/../lib/gcc/arm-none-eabi/5.4.1/../../../../arm-none-eabi/lib/armv7-m\libg_nano.a(lib_a-nano-mallocr.o)
 .debug_frame   0x00002770       0x90 f:/psoc/psoc creator/4.4/psoc creator/import/gnu/arm/5.4.1/bin/../lib/gcc/arm-none-eabi/5.4.1/../../../../arm-none-eabi/lib/armv7-m\libg_nano.a(lib_a-nano-svfprintf.o)
 .debug_frame   0x00002800       0x2c f:/psoc/psoc creator/4.4/psoc creator/import/gnu/arm/5.4.1/bin/../lib/gcc/arm-none-eabi/5.4.1/../../../../arm-none-eabi/lib/armv7-m\libg_nano.a(lib_a-sbrkr.o)
 .debug_frame   0x0000282c       0x20 f:/psoc/psoc creator/4.4/psoc creator/import/gnu/arm/5.4.1/bin/../lib/gcc/arm-none-eabi/5.4.1/../../../../arm-none-eabi/lib/armv7-m\libg_nano.a(lib_a-strcmp.o)
 .debug_frame   0x0000284c       0x28 f:/psoc/psoc creator/4.4/psoc creator/import/gnu/arm/5.4.1/bin/../lib/gcc/arm-none-eabi/5.4.1/../../../../arm-none-eabi/lib/armv7-m\libg_nano.a(lib_a-memmove.o)
 .debug_frame   0x00002874       0x30 f:/psoc/psoc creator/4.4/psoc creator/import/gnu/arm/5.4.1/bin/../lib/gcc/arm-none-eabi/5.4.1/../../../../arm-none-eabi/lib/armv7-m\libg_nano.a(lib_a-mlock.o)
 .debug_frame   0x000028a4       0x3c f:/psoc/psoc creator/4.4/psoc creator/import/gnu/arm/5.4.1/bin/../lib/gcc/arm-none-eabi/5.4.1/../../../../arm-none-eabi/lib/armv7-m\libg_nano.a(lib_a-nano-reallocr.o)
 .debug_frame   0x000028e0       0x5c f:/psoc/psoc creator/4.4/psoc creator/import/gnu/arm/5.4.1/bin/../lib/gcc/arm-none-eabi/5.4.1/../../../../arm-none-eabi/lib/armv7-m\libg_nano.a(lib_a-reent.o)
 .debug_frame   0x0000293c       0x20 f:/psoc/psoc creator/4.4/psoc creator/import/gnu/arm/5.4.1/bin/../lib/gcc/arm-none-eabi/5.4.1/../../../../arm-none-eabi/lib/armv7-m\libg_nano.a(lib_a-nano-msizer.o)

.debug_str      0x00000000     0x27c7
 *(.debug_str)
 .debug_str     0x00000000      0x433 .\CortexM3\ARM_GCC_541\Debug\main.o
                                0x489 (size before relaxing)
 .debug_str     0x00000433      0x1b6 .\CortexM3\ARM_GCC_541\Debug\cyfitter_cfg.o
                                0x366 (size before relaxing)
 .debug_str     0x000005e9       0x7f .\CortexM3\ARM_GCC_541\Debug\cymetadata.o
                                0x206 (size before relaxing)
 .debug_str     0x00000668      0x144 .\CortexM3\ARM_GCC_541\Debug\Cm3Start.o
                                0x32c (size before relaxing)
 .debug_str     0x000007ac       0x42 .\CortexM3\ARM_GCC_541\Debug\distancemeter.a(Control_Reg_1.o)
                                0x1e9 (size before relaxing)
 .debug_str     0x000007ee       0x3a .\CortexM3\ARM_GCC_541\Debug\distancemeter.a(Control_Reg_2.o)
                                0x1e9 (size before relaxing)
 .debug_str     0x00000828      0x847 .\CortexM3\ARM_GCC_541\Debug\distancemeter.a(CyLib.o)
                                0xa69 (size before relaxing)
 .debug_str     0x0000106f      0x365 .\CortexM3\ARM_GCC_541\Debug\distancemeter.a(cyPm.o)
                                0x755 (size before relaxing)
 .debug_str     0x000013d4      0x154 .\CortexM3\ARM_GCC_541\Debug\distancemeter.a(Clock_1.o)
                                0x310 (size before relaxing)
 .debug_str     0x00001528       0x71 .\CortexM3\ARM_GCC_541\Debug\distancemeter.a(Opamp_1.o)
                                0x227 (size before relaxing)
 .debug_str     0x00001599       0x97 .\CortexM3\ARM_GCC_541\Debug\distancemeter.a(PGA_1.o)
                                0x251 (size before relaxing)
 .debug_str     0x00001630      0x127 .\CortexM3\ARM_GCC_541\Debug\distancemeter.a(Comp_1.o)
                                0x2fa (size before relaxing)
 .debug_str     0x00001757       0xa3 .\CortexM3\ARM_GCC_541\Debug\distancemeter.a(VDAC8_1.o)
                                0x255 (size before relaxing)
 .debug_str     0x000017fa      0x158 .\CortexM3\ARM_GCC_541\Debug\distancemeter.a(Timer_1.o)
                                0x337 (size before relaxing)
 .debug_str     0x00001952       0xb7 .\CortexM3\ARM_GCC_541\Debug\distancemeter.a(isr_1.o)
                                0x2c8 (size before relaxing)
 .debug_str     0x00001a09      0x2bf .\CortexM3\ARM_GCC_541\Debug\distancemeter.a(UART_1.o)
                                0x4d5 (size before relaxing)
 .debug_str     0x00001cc8      0x14c .\CortexM3\ARM_GCC_541\Debug\distancemeter.a(UART_1_IntClock.o)
                                0x370 (size before relaxing)
 .debug_str     0x00001e14       0xc5 .\CortexM3\ARM_GCC_541\Debug\distancemeter.a(isr_2.o)
                                0x2c8 (size before relaxing)
 .debug_str     0x00001ed9       0xb7 .\CortexM3\ARM_GCC_541\Debug\distancemeter.a(isr_3.o)
                                0x2c8 (size before relaxing)
 .debug_str     0x00001f90       0xc5 .\CortexM3\ARM_GCC_541\Debug\distancemeter.a(isr_4.o)
                                0x2c8 (size before relaxing)
 .debug_str     0x00002055      0x109 .\CortexM3\ARM_GCC_541\Debug\distancemeter.a(Clock_2.o)
                                0x310 (size before relaxing)
 .debug_str     0x0000215e       0x6a .\CortexM3\ARM_GCC_541\Debug\distancemeter.a(beeperpin.o)
                                0x218 (size before relaxing)
 .debug_str     0x000021c8       0x54 .\CortexM3\ARM_GCC_541\Debug\distancemeter.a(Pin_25.o)
                                0x209 (size before relaxing)
 .debug_str     0x0000221c       0x54 .\CortexM3\ARM_GCC_541\Debug\distancemeter.a(Pin_24.o)
                                0x209 (size before relaxing)
 .debug_str     0x00002270       0xc5 .\CortexM3\ARM_GCC_541\Debug\distancemeter.a(isr_5.o)
                                0x2c8 (size before relaxing)
 .debug_str     0x00002335      0x1c7 .\CortexM3\ARM_GCC_541\Debug\distancemeter.a(EEPROM_1.o)
                                0x3fe (size before relaxing)
 .debug_str     0x000024fc      0x109 .\CortexM3\ARM_GCC_541\Debug\distancemeter.a(Clock_3.o)
                                0x310 (size before relaxing)
 .debug_str     0x00002605       0x3a .\CortexM3\ARM_GCC_541\Debug\distancemeter.a(counter_reset.o)
                                0x1e9 (size before relaxing)
 .debug_str     0x0000263f      0x11a .\CortexM3\ARM_GCC_541\Debug\distancemeter.a(CyFlash.o)
                                0x3e2 (size before relaxing)
 .debug_str     0x00002759       0x6e .\CortexM3\ARM_GCC_541\Debug\distancemeter.a(CySpc.o)
                                0x35a (size before relaxing)

.debug_loc      0x00000000     0x2bbc
 *(.debug_loc)
 .debug_loc     0x00000000      0x17d .\CortexM3\ARM_GCC_541\Debug\main.o
 .debug_loc     0x0000017d      0x259 .\CortexM3\ARM_GCC_541\Debug\cyfitter_cfg.o
 .debug_loc     0x000003d6      0x144 .\CortexM3\ARM_GCC_541\Debug\Cm3Start.o
 .debug_loc     0x0000051a      0xa11 .\CortexM3\ARM_GCC_541\Debug\distancemeter.a(CyLib.o)
 .debug_loc     0x00000f2b      0x1e4 .\CortexM3\ARM_GCC_541\Debug\distancemeter.a(cyPm.o)
 .debug_loc     0x0000110f      0x128 .\CortexM3\ARM_GCC_541\Debug\distancemeter.a(Clock_1.o)
 .debug_loc     0x00001237       0x21 .\CortexM3\ARM_GCC_541\Debug\distancemeter.a(Opamp_1.o)
 .debug_loc     0x00001258       0x60 .\CortexM3\ARM_GCC_541\Debug\distancemeter.a(PGA_1.o)
 .debug_loc     0x000012b8       0xed .\CortexM3\ARM_GCC_541\Debug\distancemeter.a(Comp_1.o)
 .debug_loc     0x000013a5       0x79 .\CortexM3\ARM_GCC_541\Debug\distancemeter.a(VDAC8_1.o)
 .debug_loc     0x0000141e       0x56 .\CortexM3\ARM_GCC_541\Debug\distancemeter.a(isr_1.o)
 .debug_loc     0x00001474      0x258 .\CortexM3\ARM_GCC_541\Debug\distancemeter.a(UART_1.o)
 .debug_loc     0x000016cc      0x12c .\CortexM3\ARM_GCC_541\Debug\distancemeter.a(UART_1_IntClock.o)
 .debug_loc     0x000017f8       0x56 .\CortexM3\ARM_GCC_541\Debug\distancemeter.a(isr_2.o)
 .debug_loc     0x0000184e       0x56 .\CortexM3\ARM_GCC_541\Debug\distancemeter.a(isr_3.o)
 .debug_loc     0x000018a4       0x56 .\CortexM3\ARM_GCC_541\Debug\distancemeter.a(isr_4.o)
 .debug_loc     0x000018fa      0x128 .\CortexM3\ARM_GCC_541\Debug\distancemeter.a(Clock_2.o)
 .debug_loc     0x00001a22       0x42 .\CortexM3\ARM_GCC_541\Debug\distancemeter.a(beeperpin.o)
 .debug_loc     0x00001a64       0x42 .\CortexM3\ARM_GCC_541\Debug\distancemeter.a(Pin_25.o)
 .debug_loc     0x00001aa6       0x42 .\CortexM3\ARM_GCC_541\Debug\distancemeter.a(Pin_24.o)
 .debug_loc     0x00001ae8       0x56 .\CortexM3\ARM_GCC_541\Debug\distancemeter.a(isr_5.o)
 .debug_loc     0x00001b3e      0x49f .\CortexM3\ARM_GCC_541\Debug\distancemeter.a(EEPROM_1.o)
 .debug_loc     0x00001fdd      0x128 .\CortexM3\ARM_GCC_541\Debug\distancemeter.a(Clock_3.o)
 .debug_loc     0x00002105      0x3b2 .\CortexM3\ARM_GCC_541\Debug\distancemeter.a(CyFlash.o)
 .debug_loc     0x000024b7      0x705 .\CortexM3\ARM_GCC_541\Debug\distancemeter.a(CySpc.o)

.debug_macinfo
 *(.debug_macinfo)

.debug_ranges   0x00000000      0xc30
 *(.debug_ranges)
 .debug_ranges  0x00000000       0x70 .\CortexM3\ARM_GCC_541\Debug\main.o
 .debug_ranges  0x00000070       0x48 .\CortexM3\ARM_GCC_541\Debug\cyfitter_cfg.o
 .debug_ranges  0x000000b8       0x38 .\CortexM3\ARM_GCC_541\Debug\Cm3Start.o
 .debug_ranges  0x000000f0       0x18 .\CortexM3\ARM_GCC_541\Debug\distancemeter.a(Control_Reg_1.o)
 .debug_ranges  0x00000108       0x18 .\CortexM3\ARM_GCC_541\Debug\distancemeter.a(Control_Reg_2.o)
 .debug_ranges  0x00000120      0x290 .\CortexM3\ARM_GCC_541\Debug\distancemeter.a(CyLib.o)
 .debug_ranges  0x000003b0       0x88 .\CortexM3\ARM_GCC_541\Debug\distancemeter.a(cyPm.o)
 .debug_ranges  0x00000438       0x60 .\CortexM3\ARM_GCC_541\Debug\distancemeter.a(Clock_1.o)
 .debug_ranges  0x00000498       0x30 .\CortexM3\ARM_GCC_541\Debug\distancemeter.a(Opamp_1.o)
 .debug_ranges  0x000004c8       0x38 .\CortexM3\ARM_GCC_541\Debug\distancemeter.a(PGA_1.o)
 .debug_ranges  0x00000500       0x60 .\CortexM3\ARM_GCC_541\Debug\distancemeter.a(Comp_1.o)
 .debug_ranges  0x00000560       0x48 .\CortexM3\ARM_GCC_541\Debug\distancemeter.a(VDAC8_1.o)
 .debug_ranges  0x000005a8       0x78 .\CortexM3\ARM_GCC_541\Debug\distancemeter.a(Timer_1.o)
 .debug_ranges  0x00000620       0x70 .\CortexM3\ARM_GCC_541\Debug\distancemeter.a(isr_1.o)
 .debug_ranges  0x00000690       0xe0 .\CortexM3\ARM_GCC_541\Debug\distancemeter.a(UART_1.o)
 .debug_ranges  0x00000770       0x60 .\CortexM3\ARM_GCC_541\Debug\distancemeter.a(UART_1_IntClock.o)
 .debug_ranges  0x000007d0       0x70 .\CortexM3\ARM_GCC_541\Debug\distancemeter.a(isr_2.o)
 .debug_ranges  0x00000840       0x70 .\CortexM3\ARM_GCC_541\Debug\distancemeter.a(isr_3.o)
 .debug_ranges  0x000008b0       0x70 .\CortexM3\ARM_GCC_541\Debug\distancemeter.a(isr_4.o)
 .debug_ranges  0x00000920       0x60 .\CortexM3\ARM_GCC_541\Debug\distancemeter.a(Clock_2.o)
 .debug_ranges  0x00000980       0x28 .\CortexM3\ARM_GCC_541\Debug\distancemeter.a(beeperpin.o)
 .debug_ranges  0x000009a8       0x28 .\CortexM3\ARM_GCC_541\Debug\distancemeter.a(Pin_25.o)
 .debug_ranges  0x000009d0       0x28 .\CortexM3\ARM_GCC_541\Debug\distancemeter.a(Pin_24.o)
 .debug_ranges  0x000009f8       0x70 .\CortexM3\ARM_GCC_541\Debug\distancemeter.a(isr_5.o)
 .debug_ranges  0x00000a68       0x68 .\CortexM3\ARM_GCC_541\Debug\distancemeter.a(EEPROM_1.o)
 .debug_ranges  0x00000ad0       0x60 .\CortexM3\ARM_GCC_541\Debug\distancemeter.a(Clock_3.o)
 .debug_ranges  0x00000b30       0x18 .\CortexM3\ARM_GCC_541\Debug\distancemeter.a(counter_reset.o)
 .debug_ranges  0x00000b48       0x78 .\CortexM3\ARM_GCC_541\Debug\distancemeter.a(CyFlash.o)
 .debug_ranges  0x00000bc0       0x70 .\CortexM3\ARM_GCC_541\Debug\distancemeter.a(CySpc.o)

.comment        0x00000000       0x6e
 .comment       0x00000000       0x6e .\CortexM3\ARM_GCC_541\Debug\main.o
                                 0x6f (size before relaxing)
 .comment       0x0000006e       0x6f .\CortexM3\ARM_GCC_541\Debug\cyfitter_cfg.o
 .comment       0x0000006e       0x6f .\CortexM3\ARM_GCC_541\Debug\cymetadata.o
 .comment       0x0000006e       0x6f .\CortexM3\ARM_GCC_541\Debug\Cm3Start.o
 .comment       0x0000006e       0x6f .\CortexM3\ARM_GCC_541\Debug\distancemeter.a(Control_Reg_1.o)
 .comment       0x0000006e       0x6f .\CortexM3\ARM_GCC_541\Debug\distancemeter.a(Control_Reg_2.o)
 .comment       0x0000006e       0x6f .\CortexM3\ARM_GCC_541\Debug\distancemeter.a(CyLib.o)
 .comment       0x0000006e       0x6f .\CortexM3\ARM_GCC_541\Debug\distancemeter.a(cyPm.o)
 .comment       0x0000006e       0x6f .\CortexM3\ARM_GCC_541\Debug\distancemeter.a(Clock_1.o)
 .comment       0x0000006e       0x6f .\CortexM3\ARM_GCC_541\Debug\distancemeter.a(Opamp_1.o)
 .comment       0x0000006e       0x6f .\CortexM3\ARM_GCC_541\Debug\distancemeter.a(PGA_1.o)
 .comment       0x0000006e       0x6f .\CortexM3\ARM_GCC_541\Debug\distancemeter.a(Comp_1.o)
 .comment       0x0000006e       0x6f .\CortexM3\ARM_GCC_541\Debug\distancemeter.a(VDAC8_1.o)
 .comment       0x0000006e       0x6f .\CortexM3\ARM_GCC_541\Debug\distancemeter.a(Timer_1.o)
 .comment       0x0000006e       0x6f .\CortexM3\ARM_GCC_541\Debug\distancemeter.a(isr_1.o)
 .comment       0x0000006e       0x6f .\CortexM3\ARM_GCC_541\Debug\distancemeter.a(UART_1.o)
 .comment       0x0000006e       0x6f .\CortexM3\ARM_GCC_541\Debug\distancemeter.a(UART_1_IntClock.o)
 .comment       0x0000006e       0x6f .\CortexM3\ARM_GCC_541\Debug\distancemeter.a(isr_2.o)
 .comment       0x0000006e       0x6f .\CortexM3\ARM_GCC_541\Debug\distancemeter.a(isr_3.o)
 .comment       0x0000006e       0x6f .\CortexM3\ARM_GCC_541\Debug\distancemeter.a(isr_4.o)
 .comment       0x0000006e       0x6f .\CortexM3\ARM_GCC_541\Debug\distancemeter.a(Clock_2.o)
 .comment       0x0000006e       0x6f .\CortexM3\ARM_GCC_541\Debug\distancemeter.a(beeperpin.o)
 .comment       0x0000006e       0x6f .\CortexM3\ARM_GCC_541\Debug\distancemeter.a(Pin_25.o)
 .comment       0x0000006e       0x6f .\CortexM3\ARM_GCC_541\Debug\distancemeter.a(Pin_24.o)
 .comment       0x0000006e       0x6f .\CortexM3\ARM_GCC_541\Debug\distancemeter.a(isr_5.o)
 .comment       0x0000006e       0x6f .\CortexM3\ARM_GCC_541\Debug\distancemeter.a(EEPROM_1.o)
 .comment       0x0000006e       0x6f .\CortexM3\ARM_GCC_541\Debug\distancemeter.a(Clock_3.o)
 .comment       0x0000006e       0x6f .\CortexM3\ARM_GCC_541\Debug\distancemeter.a(counter_reset.o)
 .comment       0x0000006e       0x6f .\CortexM3\ARM_GCC_541\Debug\distancemeter.a(CyFlash.o)
 .comment       0x0000006e       0x6f .\CortexM3\ARM_GCC_541\Debug\distancemeter.a(CySpc.o)

.debug_weaknames
 *(.debug_weaknames)

.debug_funcnames
 *(.debug_funcnames)

.debug_typenames
 *(.debug_typenames)

.debug_varnames
 *(.debug_varnames)

.note.gnu.arm.ident
 *(.note.gnu.arm.ident)

.ARM.attributes
                0x00000000       0x29
 *(.ARM.attributes)
 .ARM.attributes
                0x00000000       0x1d f:/psoc/psoc creator/4.4/psoc creator/import/gnu/arm/5.4.1/bin/../lib/gcc/arm-none-eabi/5.4.1/armv7-m/crti.o
 .ARM.attributes
                0x0000001d       0x2d f:/psoc/psoc creator/4.4/psoc creator/import/gnu/arm/5.4.1/bin/../lib/gcc/arm-none-eabi/5.4.1/armv7-m/crtbegin.o
 .ARM.attributes
                0x0000004a       0x1b f:/psoc/psoc creator/4.4/psoc creator/import/gnu/arm/5.4.1/bin/../lib/gcc/arm-none-eabi/5.4.1/../../../../arm-none-eabi/lib/armv7-m/crt0.o
 .ARM.attributes
                0x00000065       0x33 .\CortexM3\ARM_GCC_541\Debug\main.o
 .ARM.attributes
                0x00000098       0x33 .\CortexM3\ARM_GCC_541\Debug\cyfitter_cfg.o
 .ARM.attributes
                0x000000cb       0x33 .\CortexM3\ARM_GCC_541\Debug\cymetadata.o
 .ARM.attributes
                0x000000fe       0x33 .\CortexM3\ARM_GCC_541\Debug\Cm3Start.o
 .ARM.attributes
                0x00000131       0x33 .\CortexM3\ARM_GCC_541\Debug\distancemeter.a(Control_Reg_1.o)
 .ARM.attributes
                0x00000164       0x33 .\CortexM3\ARM_GCC_541\Debug\distancemeter.a(Control_Reg_2.o)
 .ARM.attributes
                0x00000197       0x33 .\CortexM3\ARM_GCC_541\Debug\distancemeter.a(CyLib.o)
 .ARM.attributes
                0x000001ca       0x33 .\CortexM3\ARM_GCC_541\Debug\distancemeter.a(cyPm.o)
 .ARM.attributes
                0x000001fd       0x33 .\CortexM3\ARM_GCC_541\Debug\distancemeter.a(Clock_1.o)
 .ARM.attributes
                0x00000230       0x33 .\CortexM3\ARM_GCC_541\Debug\distancemeter.a(Opamp_1.o)
 .ARM.attributes
                0x00000263       0x33 .\CortexM3\ARM_GCC_541\Debug\distancemeter.a(PGA_1.o)
 .ARM.attributes
                0x00000296       0x33 .\CortexM3\ARM_GCC_541\Debug\distancemeter.a(Comp_1.o)
 .ARM.attributes
                0x000002c9       0x33 .\CortexM3\ARM_GCC_541\Debug\distancemeter.a(VDAC8_1.o)
 .ARM.attributes
                0x000002fc       0x33 .\CortexM3\ARM_GCC_541\Debug\distancemeter.a(Timer_1.o)
 .ARM.attributes
                0x0000032f       0x33 .\CortexM3\ARM_GCC_541\Debug\distancemeter.a(isr_1.o)
 .ARM.attributes
                0x00000362       0x33 .\CortexM3\ARM_GCC_541\Debug\distancemeter.a(UART_1.o)
 .ARM.attributes
                0x00000395       0x33 .\CortexM3\ARM_GCC_541\Debug\distancemeter.a(UART_1_IntClock.o)
 .ARM.attributes
                0x000003c8       0x33 .\CortexM3\ARM_GCC_541\Debug\distancemeter.a(isr_2.o)
 .ARM.attributes
                0x000003fb       0x33 .\CortexM3\ARM_GCC_541\Debug\distancemeter.a(isr_3.o)
 .ARM.attributes
                0x0000042e       0x33 .\CortexM3\ARM_GCC_541\Debug\distancemeter.a(isr_4.o)
 .ARM.attributes
                0x00000461       0x33 .\CortexM3\ARM_GCC_541\Debug\distancemeter.a(Clock_2.o)
 .ARM.attributes
                0x00000494       0x33 .\CortexM3\ARM_GCC_541\Debug\distancemeter.a(beeperpin.o)
 .ARM.attributes
                0x000004c7       0x33 .\CortexM3\ARM_GCC_541\Debug\distancemeter.a(Pin_25.o)
 .ARM.attributes
                0x000004fa       0x33 .\CortexM3\ARM_GCC_541\Debug\distancemeter.a(Pin_24.o)
 .ARM.attributes
                0x0000052d       0x33 .\CortexM3\ARM_GCC_541\Debug\distancemeter.a(isr_5.o)
 .ARM.attributes
                0x00000560       0x33 .\CortexM3\ARM_GCC_541\Debug\distancemeter.a(EEPROM_1.o)
 .ARM.attributes
                0x00000593       0x33 .\CortexM3\ARM_GCC_541\Debug\distancemeter.a(Clock_3.o)
 .ARM.attributes
                0x000005c6       0x33 .\CortexM3\ARM_GCC_541\Debug\distancemeter.a(counter_reset.o)
 .ARM.attributes
                0x000005f9       0x21 .\CortexM3\ARM_GCC_541\Debug\distancemeter.a(CyBootAsmGnu.o)
 .ARM.attributes
                0x0000061a       0x33 .\CortexM3\ARM_GCC_541\Debug\distancemeter.a(CyFlash.o)
 .ARM.attributes
                0x0000064d       0x33 .\CortexM3\ARM_GCC_541\Debug\distancemeter.a(CySpc.o)
 .ARM.attributes
                0x00000680       0x1d f:/psoc/psoc creator/4.4/psoc creator/import/gnu/arm/5.4.1/bin/../lib/gcc/arm-none-eabi/5.4.1/armv7-m\libgcc.a(_arm_addsubdf3.o)
 .ARM.attributes
                0x0000069d       0x1d f:/psoc/psoc creator/4.4/psoc creator/import/gnu/arm/5.4.1/bin/../lib/gcc/arm-none-eabi/5.4.1/armv7-m\libgcc.a(_arm_addsubsf3.o)
 .ARM.attributes
                0x000006ba       0x1d f:/psoc/psoc creator/4.4/psoc creator/import/gnu/arm/5.4.1/bin/../lib/gcc/arm-none-eabi/5.4.1/armv7-m\libgcc.a(_arm_muldivsf3.o)
 .ARM.attributes
                0x000006d7       0x1d f:/psoc/psoc creator/4.4/psoc creator/import/gnu/arm/5.4.1/bin/../lib/gcc/arm-none-eabi/5.4.1/armv7-m\libgcc.a(_arm_cmpsf2.o)
 .ARM.attributes
                0x000006f4       0x1d f:/psoc/psoc creator/4.4/psoc creator/import/gnu/arm/5.4.1/bin/../lib/gcc/arm-none-eabi/5.4.1/armv7-m\libgcc.a(_arm_fixsfsi.o)
 .ARM.attributes
                0x00000711       0x2d f:/psoc/psoc creator/4.4/psoc creator/import/gnu/arm/5.4.1/bin/../lib/gcc/arm-none-eabi/5.4.1/../../../../arm-none-eabi/lib/armv7-m\libg_nano.a(lib_a-errno.o)
 .ARM.attributes
                0x0000073e       0x2d f:/psoc/psoc creator/4.4/psoc creator/import/gnu/arm/5.4.1/bin/../lib/gcc/arm-none-eabi/5.4.1/../../../../arm-none-eabi/lib/armv7-m\libg_nano.a(lib_a-exit.o)
 .ARM.attributes
                0x0000076b       0x2d f:/psoc/psoc creator/4.4/psoc creator/import/gnu/arm/5.4.1/bin/../lib/gcc/arm-none-eabi/5.4.1/../../../../arm-none-eabi/lib/armv7-m\libg_nano.a(lib_a-impure.o)
 .ARM.attributes
                0x00000798       0x2d f:/psoc/psoc creator/4.4/psoc creator/import/gnu/arm/5.4.1/bin/../lib/gcc/arm-none-eabi/5.4.1/../../../../arm-none-eabi/lib/armv7-m\libg_nano.a(lib_a-init.o)
 .ARM.attributes
                0x000007c5       0x2d f:/psoc/psoc creator/4.4/psoc creator/import/gnu/arm/5.4.1/bin/../lib/gcc/arm-none-eabi/5.4.1/../../../../arm-none-eabi/lib/armv7-m\libg_nano.a(lib_a-memcpy-stub.o)
 .ARM.attributes
                0x000007f2       0x2d f:/psoc/psoc creator/4.4/psoc creator/import/gnu/arm/5.4.1/bin/../lib/gcc/arm-none-eabi/5.4.1/../../../../arm-none-eabi/lib/armv7-m\libg_nano.a(lib_a-memset.o)
 .ARM.attributes